Component: ARM Compiler 5.06 update 7 (build 960) Tool: armlink [4d3601]

==============================================================================

Section Cross References

    sample_main_wizard.o(i.EXINT0_IRQHandler) refers to mg32x02z_exic_drv.o(i.EXIC_ClearPxTriggerEventFlag) for EXIC_ClearPxTriggerEventFlag
    sample_main_wizard.o(i.EXINT0_IRQHandler) refers to mg32x02z_exic_drv.o(i.EXIC_ClearPxTriggerITFlag) for EXIC_ClearPxTriggerITFlag
    sample_main_wizard.o(i.GetSysTickCount) refers to sample_main_wizard.o(.data) for SysTick_Count
    sample_main_wizard.o(i.URT0_IRQHandler) refers to sample_main_wizard.o(.bss) for rxBuf
    sample_main_wizard.o(i.URT0_IRQHandler) refers to sample_main_wizard.o(.data) for RxCont
    sample_main_wizard.o(i.fputc) refers to mg32x02z_urt_drv.o(i.URT_SetTXData) for URT_SetTXData
    sample_main_wizard.o(i.fputc) refers to mg32x02z_urt_drv.o(i.URT_GetITSingleFlagStatus) for URT_GetITSingleFlagStatus
    sample_main_wizard.o(i.fputc) refers to mg32x02z_urt_drv.o(i.URT_ClearITFlag) for URT_ClearITFlag
    sample_main_wizard.o(i.main) refers to mg32x02z_chipinit.o(i.ChipInit) for ChipInit
    sample_main_wizard.o(i.main) refers to mg32x02z__common_drv.o(i.InitTick) for InitTick
    sample_main_wizard.o(i.main) refers to mg32x02z_gpio_drv.o(i.GPIO_PinMode_Config) for GPIO_PinMode_Config
    sample_main_wizard.o(i.main) refers to mg32x02z__common_drv.o(i.UnProtectModuleReg) for UnProtectModuleReg
    sample_main_wizard.o(i.main) refers to mg32x02z_csc_drv.o(i.CSC_PeriphONModeClock_Config) for CSC_PeriphONModeClock_Config
    sample_main_wizard.o(i.main) refers to mg32x02z__common_drv.o(i.ProtectModuleReg) for ProtectModuleReg
    sample_main_wizard.o(i.main) refers to mg32x02z_exic_drv.o(i.EXIC_PxTriggerMode_Select) for EXIC_PxTriggerMode_Select
    sample_main_wizard.o(i.main) refers to mg32x02z_exic_drv.o(i.EXIC_PxTriggerAndMask_Select) for EXIC_PxTriggerAndMask_Select
    sample_main_wizard.o(i.main) refers to mg32x02z_exic_drv.o(i.EXIC_PxTriggerOrMask_Select) for EXIC_PxTriggerOrMask_Select
    sample_main_wizard.o(i.main) refers to mg32x02z_exic_drv.o(i.EXIC_ClearPxTriggerEventFlag) for EXIC_ClearPxTriggerEventFlag
    sample_main_wizard.o(i.main) refers to mg32x02z_exic_drv.o(i.EXIC_PxTriggerITEA_Cmd) for EXIC_PxTriggerITEA_Cmd
    sample_main_wizard.o(i.main) refers to sample_main_wizard.o(i.__NVIC_EnableIRQ) for __NVIC_EnableIRQ
    sample_main_wizard.o(i.main) refers to mg32x02z_urt_drv.o(i.URT_ClearTXData) for URT_ClearTXData
    sample_main_wizard.o(i.main) refers to mg32x02z_urt_drv.o(i.URT_ClearRXData) for URT_ClearRXData
    sample_main_wizard.o(i.main) refers to mg32x02z_csc_drv.o(i.CSC_PeriphProcessClockSource_Config) for CSC_PeriphProcessClockSource_Config
    sample_main_wizard.o(i.main) refers to uwrite4.o(.text) for __aeabi_uwrite4
    sample_main_wizard.o(i.main) refers to mg32x02z_urt_drv.o(i.URT_BaudRateGenerator_Config) for URT_BaudRateGenerator_Config
    sample_main_wizard.o(i.main) refers to mg32x02z_urt_drv.o(i.URT_BaudRateGenerator_Cmd) for URT_BaudRateGenerator_Cmd
    sample_main_wizard.o(i.main) refers to mg32x02z_urt_drv.o(i.URT_DataCharacter_Config) for URT_DataCharacter_Config
    sample_main_wizard.o(i.main) refers to mg32x02z_urt_drv.o(i.URT_TXClockSource_Select) for URT_TXClockSource_Select
    sample_main_wizard.o(i.main) refers to mg32x02z_urt_drv.o(i.URT_RXClockSource_Select) for URT_RXClockSource_Select
    sample_main_wizard.o(i.main) refers to mg32x02z_urt_drv.o(i.URT_TXOverSamplingSampleNumber_Select) for URT_TXOverSamplingSampleNumber_Select
    sample_main_wizard.o(i.main) refers to mg32x02z_urt_drv.o(i.URT_RXOverSamplingSampleNumber_Select) for URT_RXOverSamplingSampleNumber_Select
    sample_main_wizard.o(i.main) refers to mg32x02z_urt_drv.o(i.URT_RXOverSamplingMode_Select) for URT_RXOverSamplingMode_Select
    sample_main_wizard.o(i.main) refers to mg32x02z_urt_drv.o(i.URT_TX_Cmd) for URT_TX_Cmd
    sample_main_wizard.o(i.main) refers to mg32x02z_urt_drv.o(i.URT_RX_Cmd) for URT_RX_Cmd
    sample_main_wizard.o(i.main) refers to mg32x02z_urt_drv.o(i.URT_Mode_Select) for URT_Mode_Select
    sample_main_wizard.o(i.main) refers to mg32x02z_urt_drv.o(i.URT_DataLine_Select) for URT_DataLine_Select
    sample_main_wizard.o(i.main) refers to mg32x02z_urt_drv.o(i.URT_RXShadowBufferThreshold_Select) for URT_RXShadowBufferThreshold_Select
    sample_main_wizard.o(i.main) refers to mg32x02z_urt_drv.o(i.URT_IdlehandleMode_Select) for URT_IdlehandleMode_Select
    sample_main_wizard.o(i.main) refers to mg32x02z_urt_drv.o(i.URT_TXGuardTime_Select) for URT_TXGuardTime_Select
    sample_main_wizard.o(i.main) refers to mg32x02z_urt_drv.o(i.URT_IT_Config) for URT_IT_Config
    sample_main_wizard.o(i.main) refers to mg32x02z_urt_drv.o(i.URT_ITEA_Cmd) for URT_ITEA_Cmd
    sample_main_wizard.o(i.main) refers to mg32x02z_urt_drv.o(i.URT_Cmd) for URT_Cmd
[...]
    Removing mg32x02z_tm_drv.o(i.TM_Timer_Cmd), (24 bytes).
    Removing mg32x02z_tm_drv.o(i.TM_TriggerSource_Select), (20 bytes).
    Removing mg32x02z_tm_drv.o(i.TM_UEV_Cmd), (24 bytes).
    Removing mg32x02z_tm_drv.o(i.TM_UEV_Config), (20 bytes).
    Removing mg32x02z_urt_drv.o(.rev16_text), (4 bytes).
    Removing mg32x02z_urt_drv.o(.revsh_text), (4 bytes).
    Removing mg32x02z_urt_drv.o(i.URT_AutoCalibration_Cmd), (14 bytes).
    Removing mg32x02z_urt_drv.o(i.URT_AutoEnterMuteMode_Select), (6 bytes).
    Removing mg32x02z_urt_drv.o(i.URT_AutoExitMuteMode_Select), (6 bytes).
    Removing mg32x02z_urt_drv.o(i.URT_BaudRateCounterClockSource_Select), (14 bytes).
    Removing mg32x02z_urt_drv.o(i.URT_BaudRateGeneratorClock_Select), (12 bytes).
    Removing mg32x02z_urt_drv.o(i.URT_BaudRateGeneratorMode_Select), (14 bytes).
    Removing mg32x02z_urt_drv.o(i.URT_BreakDisableDMA_Cmd), (16 bytes).
    Removing mg32x02z_urt_drv.o(i.URT_BreakTimeoutDetect_Config), (50 bytes).
    Removing mg32x02z_urt_drv.o(i.URT_CLKSignalSource_Select), (12 bytes).
    Removing mg32x02z_urt_drv.o(i.URT_CLKSignal_Cmd), (14 bytes).
    Removing mg32x02z_urt_drv.o(i.URT_CPHAMode_Select), (12 bytes).
    Removing mg32x02z_urt_drv.o(i.URT_CPOLMode_Select), (12 bytes).
    Removing mg32x02z_urt_drv.o(i.URT_CTSInverse_Cmd), (14 bytes).
    Removing mg32x02z_urt_drv.o(i.URT_CTS_Cmd), (12 bytes).
    Removing mg32x02z_urt_drv.o(i.URT_CalibrationCompleteDataHold_Cmd), (14 bytes).
    Removing mg32x02z_urt_drv.o(i.URT_CalibrationMode_Select), (12 bytes).
    Removing mg32x02z_urt_drv.o(i.URT_CalibrationTimeoutDetect_Config), (48 bytes).
    Removing mg32x02z_urt_drv.o(i.URT_Calibration_SW), (12 bytes).
    Removing mg32x02z_urt_drv.o(i.URT_ClearRxHoldFlag), (6 bytes).
    Removing mg32x02z_urt_drv.o(i.URT_CtrlBROSignalStatus_SW), (20 bytes).
    Removing mg32x02z_urt_drv.o(i.URT_CtrlCLKSignalStatus_SW), (20 bytes).
    Removing mg32x02z_urt_drv.o(i.URT_CtrlNSS_SW), (16 bytes).
    Removing mg32x02z_urt_drv.o(i.URT_CtrlRTS_SW), (14 bytes).
    Removing mg32x02z_urt_drv.o(i.URT_CtrlTMOSignalStatus_SW), (20 bytes).
    Removing mg32x02z_urt_drv.o(i.URT_DEGuardTime_Select), (14 bytes).
    Removing mg32x02z_urt_drv.o(i.URT_DEInverse_Cmd), (16 bytes).
    Removing mg32x02z_urt_drv.o(i.URT_DE_Cmd), (16 bytes).
    Removing mg32x02z_urt_drv.o(i.URT_ExternalClockMux_Select), (12 bytes).
    Removing mg32x02z_urt_drv.o(i.URT_ExtraBreakBit_Select), (12 bytes).
    Removing mg32x02z_urt_drv.o(i.URT_GetBaudRateGeneratorCount), (8 bytes).
    Removing mg32x02z_urt_drv.o(i.URT_GetBaudRateGeneratorCountReload), (8 bytes).
    Removing mg32x02z_urt_drv.o(i.URT_GetBaudRateGeneratorPre), (8 bytes).
    Removing mg32x02z_urt_drv.o(i.URT_GetBaudRateGeneratorPreReload), (8 bytes).
    Removing mg32x02z_urt_drv.o(i.URT_GetBreakBusyFlag), (18 bytes).
    Removing mg32x02z_urt_drv.o(i.URT_GetCTSLineStatus), (20 bytes).
    Removing mg32x02z_urt_drv.o(i.URT_GetCalibrationResult), (46 bytes).
    Removing mg32x02z_urt_drv.o(i.URT_GetCaptureData), (8 bytes).
    Removing mg32x02z_urt_drv.o(i.URT_GetCaptureStatusBit), (16 bytes).
    Removing mg32x02z_urt_drv.o(i.URT_GetITAllFlagStatus), (14 bytes).
    Removing mg32x02z_urt_drv.o(i.URT_GetITStatus), (6 bytes).
    Removing mg32x02z_urt_drv.o(i.URT_GetIrDaBusyFlag), (18 bytes).
    Removing mg32x02z_urt_drv.o(i.URT_GetRXData), (6 bytes).
    Removing mg32x02z_urt_drv.o(i.URT_GetRXDataRegLevel), (12 bytes).
    Removing mg32x02z_urt_drv.o(i.URT_GetRXShadowBufferLevel), (10 bytes).
    Removing mg32x02z_urt_drv.o(i.URT_GetRXShiftBufferData), (8 bytes).
    Removing mg32x02z_urt_drv.o(i.URT_GetRXShiftBufferStatusBit), (16 bytes).
    Removing mg32x02z_urt_drv.o(i.URT_GetRxBusyFlag), (18 bytes).
    Removing mg32x02z_urt_drv.o(i.URT_GetRxDifferentFlag), (18 bytes).
    Removing mg32x02z_urt_drv.o(i.URT_GetRxHoldFlag), (18 bytes).
    Removing mg32x02z_urt_drv.o(i.URT_GetRxNoiseFlag), (18 bytes).
    Removing mg32x02z_urt_drv.o(i.URT_GetTXDataRegLevel), (12 bytes).
    Removing mg32x02z_urt_drv.o(i.URT_GetTXShadowBufferLevel), (10 bytes).
    Removing mg32x02z_urt_drv.o(i.URT_GetTXShiftBufferData), (8 bytes).
    Removing mg32x02z_urt_drv.o(i.URT_GetTimeoutTimerCounter), (8 bytes).
    Removing mg32x02z_urt_drv.o(i.URT_GetTimeoutTimerReload), (8 bytes).
    Removing mg32x02z_urt_drv.o(i.URT_GlobalAddress_Cmd), (14 bytes).
    Removing mg32x02z_urt_drv.o(i.URT_HalfDuplexMode_Cmd), (14 bytes).
    Removing mg32x02z_urt_drv.o(i.URT_IdleDetect_Select), (4 bytes).
    Removing mg32x02z_urt_drv.o(i.URT_IdleTimeoutDetect_Config), (32 bytes).
    Removing mg32x02z_urt_drv.o(i.URT_IrDA_Cmd), (12 bytes).
    Removing mg32x02z_urt_drv.o(i.URT_IrDA_Config), (18 bytes).
    Removing mg32x02z_urt_drv.o(i.URT_LoopBackMode_Cmd), (16 bytes).
    Removing mg32x02z_urt_drv.o(i.URT_Mute_Cmd), (12 bytes).
    Removing mg32x02z_urt_drv.o(i.URT_NoiseDataSkip_Cmd), (16 bytes).
    Removing mg32x02z_urt_drv.o(i.URT_NssInput_Cmd), (16 bytes).
    Removing mg32x02z_urt_drv.o(i.URT_NssInverse_Cmd), (16 bytes).
    Removing mg32x02z_urt_drv.o(i.URT_NssSW_Cmd), (16 bytes).
    Removing mg32x02z_urt_drv.o(i.URT_RTSInverse_Cmd), (14 bytes).
    Removing mg32x02z_urt_drv.o(i.URT_RTS_Cmd), (14 bytes).
    Removing mg32x02z_urt_drv.o(i.URT_RXDMA_Cmd), (76 bytes).
    Removing mg32x02z_urt_drv.o(i.URT_RXInverse_Cmd), (16 bytes).
    Removing mg32x02z_urt_drv.o(i.URT_RXParityError_Config), (28 bytes).
    Removing mg32x02z_urt_drv.o(i.URT_RXTimeoutDetect_Config), (32 bytes).
    Removing mg32x02z_urt_drv.o(i.URT_RxTxSwap_Cmd), (16 bytes).
    Removing mg32x02z_urt_drv.o(i.URT_SDT_Cmd), (16 bytes).
    Removing mg32x02z_urt_drv.o(i.URT_SPIMasterDataOutputIdleStatus_Select), (12 bytes).
    Removing mg32x02z_urt_drv.o(i.URT_SYNCMode_Select), (14 bytes).
    Removing mg32x02z_urt_drv.o(i.URT_SendAddress), (14 bytes).
    Removing mg32x02z_urt_drv.o(i.URT_SendBreak), (16 bytes).
    Removing mg32x02z_urt_drv.o(i.URT_SetSlaveAddress), (6 bytes).
    Removing mg32x02z_urt_drv.o(i.URT_SetSlaveAddressMask), (6 bytes).
    Removing mg32x02z_urt_drv.o(i.URT_SetTimeoutTimerCompare), (6 bytes).
    Removing mg32x02z_urt_drv.o(i.URT_SetTimeoutTimerCounter), (6 bytes).
    Removing mg32x02z_urt_drv.o(i.URT_TXDMA_Cmd), (72 bytes).
    Removing mg32x02z_urt_drv.o(i.URT_TXErrorDetectMode_Select), (12 bytes).
    Removing mg32x02z_urt_drv.o(i.URT_TXErrorResendTime_Select), (14 bytes).
    Removing mg32x02z_urt_drv.o(i.URT_TXHalt_Cmd), (14 bytes).
    Removing mg32x02z_urt_drv.o(i.URT_TXInverse_Cmd), (16 bytes).
    Removing mg32x02z_urt_drv.o(i.URT_TimeoutMode_Select), (12 bytes).
    Removing mg32x02z_urt_drv.o(i.URT_TimeoutTimerClockSource_Select), (14 bytes).
    Removing mg32x02z_urt_drv.o(i.URT_TimeroutTimer_Cmd), (12 bytes).
    Removing mg32x02z_urt_drv.o(i.URT_TriggerTimeoutTimerRst_SW), (10 bytes).
    Removing mg32x02z_usb_drv.o(.rev16_text), (4 bytes).
    Removing mg32x02z_usb_drv.o(.revsh_text), (4 bytes).
    Removing mg32x02z_usb_drv.o(i.USB_ClearEndpointFlag), (4 bytes).
    Removing mg32x02z_usb_drv.o(i.USB_ClearITFlag), (16 bytes).
    Removing mg32x02z_usb_drv.o(i.USB_ClearSETUPStatus), (12 bytes).
    Removing mg32x02z_usb_drv.o(i.USB_Cmd), (24 bytes).
    Removing mg32x02z_usb_drv.o(i.USB_Connect_Cmd), (22 bytes).
    Removing mg32x02z_usb_drv.o(i.USB_DMARXSEL_Config), (20 bytes).
    Removing mg32x02z_usb_drv.o(i.USB_DMATXSEL_Config), (20 bytes).
    Removing mg32x02z_usb_drv.o(i.USB_DriveStrength_Select), (20 bytes).
    Removing mg32x02z_usb_drv.o(i.USB_EndpintIT_Config), (16 bytes).
    Removing mg32x02z_usb_drv.o(i.USB_EndpointDoubleBufferMode_Cmd), (14 bytes).
    Removing mg32x02z_usb_drv.o(i.USB_EndpointMode_Select), (12 bytes).
    Removing mg32x02z_usb_drv.o(i.USB_Function_Cmd), (20 bytes).
    Removing mg32x02z_usb_drv.o(i.USB_GetBusEventStatus2), (20 bytes).
    Removing mg32x02z_usb_drv.o(i.USB_GetBusStatus), (8 bytes).
    Removing mg32x02z_usb_drv.o(i.USB_GetDPDMStatus), (14 bytes).
    Removing mg32x02z_usb_drv.o(i.USB_GetEndpointDoubleBuffer0Address), (6 bytes).
    Removing mg32x02z_usb_drv.o(i.USB_GetEndpointDoubleBuffer1Address), (6 bytes).
    Removing mg32x02z_usb_drv.o(i.USB_GetEndpointDoubleBufferRXData), (112 bytes).
    Removing mg32x02z_usb_drv.o(i.USB_GetEndpointFlagStatus), (6 bytes).
    Removing mg32x02z_usb_drv.o(i.USB_GetEndpointINSequenceBit), (14 bytes).
    Removing mg32x02z_usb_drv.o(i.USB_GetEndpointITFlagStatus), (12 bytes).
    Removing mg32x02z_usb_drv.o(i.USB_GetEndpointOUTSequenceBit), (12 bytes).
    Removing mg32x02z_usb_drv.o(i.USB_GetEndpointRXData), (46 bytes).
    Removing mg32x02z_usb_drv.o(i.USB_GetEndpointRXDataAddress), (6 bytes).
    Removing mg32x02z_usb_drv.o(i.USB_GetEndpointRXSize), (6 bytes).
    Removing mg32x02z_usb_drv.o(i.USB_GetEndpointStatus), (16 bytes).
    Removing mg32x02z_usb_drv.o(i.USB_GetEndpointTXDataAddress), (6 bytes).
    Removing mg32x02z_usb_drv.o(i.USB_GetFrameNumber), (8 bytes).
    Removing mg32x02z_usb_drv.o(i.USB_GetITAllFlagStatus), (16 bytes).
    Removing mg32x02z_usb_drv.o(i.USB_GetITIEAllStatus), (16 bytes).
    Removing mg32x02z_usb_drv.o(i.USB_GetLPMBESL), (14 bytes).
    Removing mg32x02z_usb_drv.o(i.USB_GetLPMbRemoteWake), (14 bytes).
    Removing mg32x02z_usb_drv.o(i.USB_GetSETUPStatus), (12 bytes).
    Removing mg32x02z_usb_drv.o(i.USB_ITEA_Cmd), (20 bytes).
    Removing mg32x02z_usb_drv.o(i.USB_IT_Config), (32 bytes).
    Removing mg32x02z_usb_drv.o(i.USB_LPMhandshakeMode_Select), (20 bytes).
    Removing mg32x02z_usb_drv.o(i.USB_LVRModeInSTOP_Select), (20 bytes).
    Removing mg32x02z_usb_drv.o(i.USB_NoResponse_Cmd), (24 bytes).
    Removing mg32x02z_usb_drv.o(i.USB_PDResistorMode_Select), (20 bytes).
    Removing mg32x02z_usb_drv.o(i.USB_PUResistorMode_Select), (20 bytes).
    Removing mg32x02z_usb_drv.o(i.USB_SetAddress), (8 bytes).
    Removing mg32x02z_usb_drv.o(i.USB_SetDoubleBufferEndpointStatus), (4 bytes).
    Removing mg32x02z_usb_drv.o(i.USB_SetEndpointAddress), (12 bytes).
    Removing mg32x02z_usb_drv.o(i.USB_SetEndpointBlockOf2Byte), (28 bytes).
    Removing mg32x02z_usb_drv.o(i.USB_SetEndpointBlockOf32Byte), (34 bytes).
    Removing mg32x02z_usb_drv.o(i.USB_SetEndpointDoubleBuffer0Address), (12 bytes).
    Removing mg32x02z_usb_drv.o(i.USB_SetEndpointDoubleBuffer0TXSize), (4 bytes).
    Removing mg32x02z_usb_drv.o(i.USB_SetEndpointDoubleBuffer1Address), (12 bytes).
    Removing mg32x02z_usb_drv.o(i.USB_SetEndpointDoubleBuffer1TXSize), (4 bytes).
    Removing mg32x02z_usb_drv.o(i.USB_SetEndpointDoubleBufferTXData), (124 bytes).
    Removing mg32x02z_usb_drv.o(i.USB_SetEndpointINSequenceBit), (10 bytes).
    Removing mg32x02z_usb_drv.o(i.USB_SetEndpointOUTSequenceBit), (10 bytes).
    Removing mg32x02z_usb_drv.o(i.USB_SetEndpointRXBlock), (30 bytes).
    Removing mg32x02z_usb_drv.o(i.USB_SetEndpointRXDataAddress), (12 bytes).
    Removing mg32x02z_usb_drv.o(i.USB_SetEndpointStatus), (4 bytes).
    Removing mg32x02z_usb_drv.o(i.USB_SetEndpointTXData), (36 bytes).
    Removing mg32x02z_usb_drv.o(i.USB_SetEndpointTXDataAddress), (12 bytes).
    Removing mg32x02z_usb_drv.o(i.USB_SetEndpointTXSize), (4 bytes).
    Removing mg32x02z_usb_drv.o(i.USB_SetRemoteWakeupTime), (20 bytes).
    Removing mg32x02z_usb_drv.o(i.USB_SetRemoteWakeup_SW), (24 bytes).
    Removing mg32x02z_usb_drv.o(i.USB_SoftwareControlRemoteWakeup_Cmd), (22 bytes).
    Removing mg32x02z_usb_drv.o(i.USB_SuspendSignalMode_Select), (20 bytes).
    Removing mg32x02z_usb_drv.o(i.USB_Transceiver_Cmd), (22 bytes).
    Removing mg32x02z_usb_drv.o(i.USB_TriggerEndpointRst), (8 bytes).
    Removing mg32x02z_usb_drv.o(i.USB_TriggerRemoteWakeup), (20 bytes).
    Removing mg32x02z_usb_drv.o(i.USB_V33_Cmd), (22 bytes).
    Removing mg32x02z_usb_drv.o(i.USB_V33toVDD_Cmd), (22 bytes).
    Removing mg32x02z_wwdt_drv.o(.rev16_text), (4 bytes).
    Removing mg32x02z_wwdt_drv.o(.revsh_text), (4 bytes).
    Removing mg32x02z_wwdt_drv.o(i.WWDT_CLK_Select), (28 bytes).
    Removing mg32x02z_wwdt_drv.o(i.WWDT_ClearFlag), (12 bytes).
    Removing mg32x02z_wwdt_drv.o(i.WWDT_Cmd), (40 bytes).
    Removing mg32x02z_wwdt_drv.o(i.WWDT_DIV_Select), (28 bytes).
    Removing mg32x02z_wwdt_drv.o(i.WWDT_GetAllFlagStatus), (12 bytes).
    Removing mg32x02z_wwdt_drv.o(i.WWDT_GetCounter), (12 bytes).
    Removing mg32x02z_wwdt_drv.o(i.WWDT_GetReloadReg), (12 bytes).
    Removing mg32x02z_wwdt_drv.o(i.WWDT_GetSingleFlagStatus), (28 bytes).
    Removing mg32x02z_wwdt_drv.o(i.WWDT_GetWarningThreshold), (12 bytes).
    Removing mg32x02z_wwdt_drv.o(i.WWDT_GetWindowThreshold), (12 bytes).
    Removing mg32x02z_wwdt_drv.o(i.WWDT_IT_Config), (36 bytes).
    Removing mg32x02z_wwdt_drv.o(i.WWDT_PDIV_Select), (24 bytes).
    Removing mg32x02z_wwdt_drv.o(i.WWDT_RefreshCounter), (16 bytes).
    Removing mg32x02z_wwdt_drv.o(i.WWDT_RstEvent_Config), (36 bytes).
    Removing mg32x02z_wwdt_drv.o(i.WWDT_SetReloadReg), (12 bytes).
    Removing mg32x02z_wwdt_drv.o(i.WWDT_SetWarningThreshold), (12 bytes).
    Removing mg32x02z_wwdt_drv.o(i.WWDT_SetWindowThreshold), (12 bytes).
    Removing mg32x02z__common_drv.o(.rev16_text), (4 bytes).
    Removing mg32x02z__common_drv.o(.revsh_text), (4 bytes).
    Removing mg32x02z__common_drv.o(i.LockModuleReg), (24 bytes).
    Removing mg32x02z__common_drv.o(i.ResumeTick), (20 bytes).
    Removing mg32x02z__common_drv.o(i.SuspendTick), (20 bytes).
    Removing dadd.o(.text), (360 bytes).
    Removing dmul.o(.text), (208 bytes).
    Removing dfltui.o(.text), (28 bytes).
    Removing cdcmple.o(.text), (40 bytes).
    Removing cdrcmple.o(.text), (40 bytes).
    Removing depilogue.o(.text), (190 bytes).
    Removing ddiv.o(.text), (240 bytes).
    Removing dfixul.o(.text), (64 bytes).
    Removing mg32x02z_emb_drv.o(i.EMB_Cmd), (24 bytes).
    Removing mg32x02z_emb_drv.o(i.EMB_AccessTime_Config), (60 bytes).
    Removing mg32x02z_emb_drv.o(i.EMB_ITEA_Cmd), (24 bytes).
    Removing mg32x02z_emb_drv.o(i.EMB_GetAllFlagStatus), (12 bytes).
    Removing mg32x02z_emb_drv.o(i.EMB_ClearFlag), (12 bytes).
    Removing mg32x02z_emb_drv.o(i.EMB_MWESignal_Select), (28 bytes).
    Removing mg32x02z_emb_drv.o(i.EMB_MOESignal_Select), (28 bytes).
    Removing mg32x02z_emb_drv.o(i.EMB_MCLKPreescaler_Select), (28 bytes).
    Removing mg32x02z_emb_drv.o(i.EMB_WESignalMode_Select), (28 bytes).
    Removing mg32x02z_emb_drv.o(i.EMB_OESignalMode_Select), (28 bytes).
    Removing mg32x02z_emb_drv.o(i.EMB_CEMode_Select), (24 bytes).
    Removing mg32x02z_emb_drv.o(i.EMB_MA1SignalOutputPin_Select), (28 bytes).
    Removing mg32x02z_emb_drv.o(i.EMB_DMA_Cmd), (28 bytes).
    Removing depilogue.o(i.__ARM_clz), (46 bytes).

966 unused section(s) (total 24404 bytes) removed from the image.

==============================================================================

Image Symbol Table

    Local Symbols

    Symbol Name                              Value     Ov Type        Size  Object(Section)

    RESET                                    0x00000000   Section      192  startup_mg32x02z.o(RESET)
    ../clib/microlib/division.c              0x00000000   Number         0  uldiv.o ABSOLUTE
    ../clib/microlib/division.c              0x00000000   Number         0  idiv.o ABSOLUTE
    ../clib/microlib/division.c              0x00000000   Number         0  uidiv.o ABSOLUTE
    ../clib/microlib/init/entry.s            0x00000000   Number         0  entry8a.o ABSOLUTE
    ../clib/microlib/init/entry.s            0x00000000   Number         0  entry2.o ABSOLUTE
    ../clib/microlib/init/entry.s            0x00000000   Number         0  entry9b.o ABSOLUTE
    ../clib/microlib/init/entry.s            0x00000000   Number         0  entry.o ABSOLUTE
    ../clib/microlib/init/entry.s            0x00000000   Number         0  entry5.o ABSOLUTE
    ../clib/microlib/init/entry.s            0x00000000   Number         0  entry12b.o ABSOLUTE
    ../clib/microlib/init/entry.s            0x00000000   Number         0  entry7b.o ABSOLUTE
    ../clib/microlib/init/entry.s            0x00000000   Number         0  entry12a.o ABSOLUTE
    ../clib/microlib/init/entry.s            0x00000000   Number         0  entry11b.o ABSOLUTE
    ../clib/microlib/init/entry.s            0x00000000   Number         0  entry11a.o ABSOLUTE
    ../clib/microlib/init/entry.s            0x00000000   Number         0  entry10b.o ABSOLUTE
    ../clib/microlib/init/entry.s            0x00000000   Number         0  entry10a.o ABSOLUTE
    ../clib/microlib/init/entry.s            0x00000000   Number         0  entry7a.o ABSOLUTE
    ../clib/microlib/init/entry.s            0x00000000   Number         0  entry9a.o ABSOLUTE
    ../clib/microlib/init/entry.s            0x00000000   Number         0  entry8b.o ABSOLUTE
    ../clib/microlib/longlong.c              0x00000000   Number         0  llshl.o ABSOLUTE
    ../clib/microlib/longlong.c              0x00000000   Number         0  llsshr.o ABSOLUTE
    ../clib/microlib/longlong.c              0x00000000   Number         0  llushr.o ABSOLUTE
    ../clib/microlib/printf/printf.c         0x00000000   Number         0  printfa.o ABSOLUTE
    ../clib/microlib/printf/printf.c         0x00000000   Number         0  printf4.o ABSOLUTE
    ../clib/microlib/printf/printf.c         0x00000000   Number         0  printf7.o ABSOLUTE
    ../clib/microlib/printf/printf.c         0x00000000   Number         0  printf6.o ABSOLUTE
    ../clib/microlib/printf/printf.c         0x00000000   Number         0  printf5.o ABSOLUTE
    ../clib/microlib/printf/printf.c         0x00000000   Number         0  printf3.o ABSOLUTE
    ../clib/microlib/printf/printf.c         0x00000000   Number         0  printf2.o ABSOLUTE
    ../clib/microlib/printf/printf.c         0x00000000   Number         0  printf1.o ABSOLUTE
    ../clib/microlib/printf/printf.c         0x00000000   Number         0  printf0.o ABSOLUTE
    ../clib/microlib/printf/printf.c         0x00000000   Number         0  printf8.o ABSOLUTE
    ../clib/microlib/printf/printf.c         0x00000000   Number         0  printfb.o ABSOLUTE
    ../clib/microlib/printf/stubs.s          0x00000000   Number         0  stubs.o ABSOLUTE
    ../clib/microlib/stdio/streams.c         0x00000000   Number         0  stdout.o ABSOLUTE
    ../clib/microlib/string/memcpy.c         0x00000000   Number         0  memcpyb.o ABSOLUTE
    ../clib/microlib/string/memcpy.c         0x00000000   Number         0  memcpya.o ABSOLUTE
    ../clib/microlib/string/memset.c         0x00000000   Number         0  memseta.o ABSOLUTE
    ../clib/microlib/stubs.s                 0x00000000   Number         0  iusefp.o ABSOLUTE
    ../clib/microlib/unhosted.c              0x00000000   Number         0  uwrite4.o ABSOLUTE
    ../clib/microlib/unhosted.c              0x00000000   Number         0  uread4.o ABSOLUTE
    ../fplib/microlib/fpadd.c                0x00000000   Number         0  dadd.o ABSOLUTE
    ../fplib/microlib/fpdiv.c                0x00000000   Number         0  ddiv.o ABSOLUTE
    ../fplib/microlib/fpepilogue.c           0x00000000   Number         0  depilogue.o ABSOLUTE
    ../fplib/microlib/fpfix.c                0x00000000   Number         0  dfixul.o ABSOLUTE
    ../fplib/microlib/fpflt.c                0x00000000   Number         0  dfltui.o ABSOLUTE
    ../fplib/microlib/fpmul.c                0x00000000   Number         0  dmul.o ABSOLUTE
    C:\Users\R&D2\AppData\Local\Arm\Packs\Megawin\CM0_DFP\2.1.1\Device\MG32x02z\MG32F02A_Driver\Source\MG32x02z_ADC_DRV.c 0x00000000   Number         0  mg32x02z_adc_drv.o ABSOLUTE
    C:\Users\R&D2\AppData\Local\Arm\Packs\Megawin\CM0_DFP\2.1.1\Device\MG32x02z\MG32F02A_Driver\Source\MG32x02z_APB_DRV.c 0x00000000   Number         0  mg32x02z_apb_drv.o ABSOLUTE
    C:\Users\R&D2\AppData\Local\Arm\Packs\Megawin\CM0_DFP\2.1.1\Device\MG32x02z\MG32F02A_Driver\Source\MG32x02z_APX_DRV.c 0x00000000   Number         0  mg32x02z_apx_drv.o ABSOLUTE
    C:\Users\R&D2\AppData\Local\Arm\Packs\Megawin\CM0_DFP\2.1.1\Device\MG32x02z\MG32F02A_Driver\Source\MG32x02z_CFG_DRV.c 0x00000000   Number         0  mg32x02z_cfg_drv.o ABSOLUTE
    C:\Users\R&D2\AppData\Local\Arm\Packs\Megawin\CM0_DFP\2.1.1\Device\MG32x02z\MG32F02A_Driver\Source\MG32x02z_CM0_DRV.c 0x00000000   Number         0  mg32x02z_cm0_drv.o ABSOLUTE
    C:\Users\R&D2\AppData\Local\Arm\Packs\Megawin\CM0_DFP\2.1.1\Device\MG32x02z\MG32F02A_Driver\Source\MG32x02z_CMP_DRV.c 0x00000000   Number         0  mg32x02z_cmp_drv.o ABSOLUTE
    C:\Users\R&D2\AppData\Local\Arm\Packs\Megawin\CM0_DFP\2.1.1\Device\MG32x02z\MG32F02A_Driver\Source\MG32x02z_CSC_DRV.c 0x00000000   Number         0  mg32x02z_csc_drv.o ABSOLUTE
    C:\Users\R&D2\AppData\Local\Arm\Packs\Megawin\CM0_DFP\2.1.1\Device\MG32x02z\MG32F02A_Driver\Source\MG32x02z_DAC_DRV.c 0x00000000   Number         0  mg32x02z_dac_drv.o ABSOLUTE
    C:\Users\R&D2\AppData\Local\Arm\Packs\Megawin\CM0_DFP\2.1.1\Device\MG32x02z\MG32F02A_Driver\Source\MG32x02z_DMA_DRV.c 0x00000000   Number         0  mg32x02z_dma_drv.o ABSOLUTE
    C:\Users\R&D2\AppData\Local\Arm\Packs\Megawin\CM0_DFP\2.1.1\Device\MG32x02z\MG32F02A_Driver\Source\MG32x02z_EMB_DRV.c 0x00000000   Number         0  mg32x02z_emb_drv.o ABSOLUTE
    C:\Users\R&D2\AppData\Local\Arm\Packs\Megawin\CM0_DFP\2.1.1\Device\MG32x02z\MG32F02A_Driver\Source\MG32x02z_EXIC_DRV.c 0x00000000   Number         0  mg32x02z_exic_drv.o ABSOLUTE
    C:\Users\R&D2\AppData\Local\Arm\Packs\Megawin\CM0_DFP\2.1.1\Device\MG32x02z\MG32F02A_Driver\Source\MG32x02z_GPIO_DRV.c 0x00000000   Number         0  mg32x02z_gpio_drv.o ABSOLUTE
    C:\Users\R&D2\AppData\Local\Arm\Packs\Megawin\CM0_DFP\2.1.1\Device\MG32x02z\MG32F02A_Driver\Source\MG32x02z_GPL_DRV.c 0x00000000   Number         0  mg32x02z_gpl_drv.o ABSOLUTE
    C:\Users\R&D2\AppData\Local\Arm\Packs\Megawin\CM0_DFP\2.1.1\Device\MG32x02z\MG32F02A_Driver\Source\MG32x02z_I2C_DRV.c 0x00000000   Number         0  mg32x02z_i2c_drv.o ABSOLUTE
    C:\Users\R&D2\AppData\Local\Arm\Packs\Megawin\CM0_DFP\2.1.1\Device\MG32x02z\MG32F02A_Driver\Source\MG32x02z_IWDT_DRV.c 0x00000000   Number         0  mg32x02z_iwdt_drv.o ABSOLUTE
    C:\Users\R&D2\AppData\Local\Arm\Packs\Megawin\CM0_DFP\2.1.1\Device\MG32x02z\MG32F02A_Driver\Source\MG32x02z_MEM_DRV.c 0x00000000   Number         0  mg32x02z_mem_drv.o ABSOLUTE
    C:\Users\R&D2\AppData\Local\Arm\Packs\Megawin\CM0_DFP\2.1.1\Device\MG32x02z\MG32F02A_Driver\Source\MG32x02z_PW_DRV.c 0x00000000   Number         0  mg32x02z_pw_drv.o ABSOLUTE
    C:\Users\R&D2\AppData\Local\Arm\Packs\Megawin\CM0_DFP\2.1.1\Device\MG32x02z\MG32F02A_Driver\Source\MG32x02z_RST_DRV.c 0x00000000   Number         0  mg32x02z_rst_drv.o ABSOLUTE
    C:\Users\R&D2\AppData\Local\Arm\Packs\Megawin\CM0_DFP\2.1.1\Device\MG32x02z\MG32F02A_Driver\Source\MG32x02z_RTC_DRV.c 0x00000000   Number         0  mg32x02z_rtc_drv.o ABSOLUTE
    C:\Users\R&D2\AppData\Local\Arm\Packs\Megawin\CM0_DFP\2.1.1\Device\MG32x02z\MG32F02A_Driver\Source\MG32x02z_SPI_DRV.c 0x00000000   Number         0  mg32x02z_spi_drv.o ABSOLUTE
    C:\Users\R&D2\AppData\Local\Arm\Packs\Megawin\CM0_DFP\2.1.1\Device\MG32x02z\MG32F02A_Driver\Source\MG32x02z_SYS_DRV.c 0x00000000   Number         0  mg32x02z_sys_drv.o ABSOLUTE
    C:\Users\R&D2\AppData\Local\Arm\Packs\Megawin\CM0_DFP\2.1.1\Device\MG32x02z\MG32F02A_Driver\Source\MG32x02z_TM_DRV.c 0x00000000   Number         0  mg32x02z_tm_drv.o ABSOLUTE
    C:\Users\R&D2\AppData\Local\Arm\Packs\Megawin\CM0_DFP\2.1.1\Device\MG32x02z\MG32F02A_Driver\Source\MG32x02z_URT_DRV.c 0x00000000   Number         0  mg32x02z_urt_drv.o ABSOLUTE
    C:\Users\R&D2\AppData\Local\Arm\Packs\Megawin\CM0_DFP\2.1.1\Device\MG32x02z\MG32F02A_Driver\Source\MG32x02z_USB_DRV.c 0x00000000   Number         0  mg32x02z_usb_drv.o ABSOLUTE
    C:\Users\R&D2\AppData\Local\Arm\Packs\Megawin\CM0_DFP\2.1.1\Device\MG32x02z\MG32F02A_Driver\Source\MG32x02z_WWDT_DRV.c 0x00000000   Number         0  mg32x02z_wwdt_drv.o ABSOLUTE
    C:\Users\R&D2\AppData\Local\Arm\Packs\Megawin\CM0_DFP\2.1.1\Device\MG32x02z\MG32F02A_Driver\Source\MG32x02z__Common_DRV.c 0x00000000   Number         0  mg32x02z__common_drv.o ABSOLUTE
    C:\\Users\\R&D2\\AppData\\Local\\Arm\\Packs\\Megawin\\CM0_DFP\\2.1.1\\Device\\MG32x02z\\MG32F02A_Driver\\Source\\MG32x02z_ADC_DRV.c 0x00000000   Number         0  mg32x02z_adc_drv.o ABSOLUTE
    C:\\Users\\R&D2\\AppData\\Local\\Arm\\Packs\\Megawin\\CM0_DFP\\2.1.1\\Device\\MG32x02z\\MG32F02A_Driver\\Source\\MG32x02z_APB_DRV.c 0x00000000   Number         0  mg32x02z_apb_drv.o ABSOLUTE
    C:\\Users\\R&D2\\AppData\\Local\\Arm\\Packs\\Megawin\\CM0_DFP\\2.1.1\\Device\\MG32x02z\\MG32F02A_Driver\\Source\\MG32x02z_APX_DRV.c 0x00000000   Number         0  mg32x02z_apx_drv.o ABSOLUTE
    C:\\Users\\R&D2\\AppData\\Local\\Arm\\Packs\\Megawin\\CM0_DFP\\2.1.1\\Device\\MG32x02z\\MG32F02A_Driver\\Source\\MG32x02z_CFG_DRV.c 0x00000000   Number         0  mg32x02z_cfg_drv.o ABSOLUTE
    C:\\Users\\R&D2\\AppData\\Local\\Arm\\Packs\\Megawin\\CM0_DFP\\2.1.1\\Device\\MG32x02z\\MG32F02A_Driver\\Source\\MG32x02z_CM0_DRV.c 0x00000000   Number         0  mg32x02z_cm0_drv.o ABSOLUTE
    C:\\Users\\R&D2\\AppData\\Local\\Arm\\Packs\\Megawin\\CM0_DFP\\2.1.1\\Device\\MG32x02z\\MG32F02A_Driver\\Source\\MG32x02z_CMP_DRV.c 0x00000000   Number         0  mg32x02z_cmp_drv.o ABSOLUTE
    C:\\Users\\R&D2\\AppData\\Local\\Arm\\Packs\\Megawin\\CM0_DFP\\2.1.1\\Device\\MG32x02z\\MG32F02A_Driver\\Source\\MG32x02z_CSC_DRV.c 0x00000000   Number         0  mg32x02z_csc_drv.o ABSOLUTE
    C:\\Users\\R&D2\\AppData\\Local\\Arm\\Packs\\Megawin\\CM0_DFP\\2.1.1\\Device\\MG32x02z\\MG32F02A_Driver\\Source\\MG32x02z_DAC_DRV.c 0x00000000   Number         0  mg32x02z_dac_drv.o ABSOLUTE
    C:\\Users\\R&D2\\AppData\\Local\\Arm\\Packs\\Megawin\\CM0_DFP\\2.1.1\\Device\\MG32x02z\\MG32F02A_Driver\\Source\\MG32x02z_DMA_DRV.c 0x00000000   Number         0  mg32x02z_dma_drv.o ABSOLUTE
    C:\\Users\\R&D2\\AppData\\Local\\Arm\\Packs\\Megawin\\CM0_DFP\\2.1.1\\Device\\MG32x02z\\MG32F02A_Driver\\Source\\MG32x02z_EMB_DRV.c 0x00000000   Number         0  mg32x02z_emb_drv.o ABSOLUTE
    C:\\Users\\R&D2\\AppData\\Local\\Arm\\Packs\\Megawin\\CM0_DFP\\2.1.1\\Device\\MG32x02z\\MG32F02A_Driver\\Source\\MG32x02z_EXIC_DRV.c 0x00000000   Number         0  mg32x02z_exic_drv.o ABSOLUTE
    C:\\Users\\R&D2\\AppData\\Local\\Arm\\Packs\\Megawin\\CM0_DFP\\2.1.1\\Device\\MG32x02z\\MG32F02A_Driver\\Source\\MG32x02z_GPIO_DRV.c 0x00000000   Number         0  mg32x02z_gpio_drv.o ABSOLUTE
    C:\\Users\\R&D2\\AppData\\Local\\Arm\\Packs\\Megawin\\CM0_DFP\\2.1.1\\Device\\MG32x02z\\MG32F02A_Driver\\Source\\MG32x02z_GPL_DRV.c 0x00000000   Number         0  mg32x02z_gpl_drv.o ABSOLUTE
    C:\\Users\\R&D2\\AppData\\Local\\Arm\\Packs\\Megawin\\CM0_DFP\\2.1.1\\Device\\MG32x02z\\MG32F02A_Driver\\Source\\MG32x02z_I2C_DRV.c 0x00000000   Number         0  mg32x02z_i2c_drv.o ABSOLUTE
    C:\\Users\\R&D2\\AppData\\Local\\Arm\\Packs\\Megawin\\CM0_DFP\\2.1.1\\Device\\MG32x02z\\MG32F02A_Driver\\Source\\MG32x02z_IWDT_DRV.c 0x00000000   Number         0  mg32x02z_iwdt_drv.o ABSOLUTE
    C:\\Users\\R&D2\\AppData\\Local\\Arm\\Packs\\Megawin\\CM0_DFP\\2.1.1\\Device\\MG32x02z\\MG32F02A_Driver\\Source\\MG32x02z_MEM_DRV.c 0x00000000   Number         0  mg32x02z_mem_drv.o ABSOLUTE
    C:\\Users\\R&D2\\AppData\\Local\\Arm\\Packs\\Megawin\\CM0_DFP\\2.1.1\\Device\\MG32x02z\\MG32F02A_Driver\\Source\\MG32x02z_PW_DRV.c 0x00000000   Number         0  mg32x02z_pw_drv.o ABSOLUTE
    C:\\Users\\R&D2\\AppData\\Local\\Arm\\Packs\\Megawin\\CM0_DFP\\2.1.1\\Device\\MG32x02z\\MG32F02A_Driver\\Source\\MG32x02z_RST_DRV.c 0x00000000   Number         0  mg32x02z_rst_drv.o ABSOLUTE
    C:\\Users\\R&D2\\AppData\\Local\\Arm\\Packs\\Megawin\\CM0_DFP\\2.1.1\\Device\\MG32x02z\\MG32F02A_Driver\\Source\\MG32x02z_RTC_DRV.c 0x00000000   Number         0  mg32x02z_rtc_drv.o ABSOLUTE
    C:\\Users\\R&D2\\AppData\\Local\\Arm\\Packs\\Megawin\\CM0_DFP\\2.1.1\\Device\\MG32x02z\\MG32F02A_Driver\\Source\\MG32x02z_SPI_DRV.c 0x00000000   Number         0  mg32x02z_spi_drv.o ABSOLUTE
    C:\\Users\\R&D2\\AppData\\Local\\Arm\\Packs\\Megawin\\CM0_DFP\\2.1.1\\Device\\MG32x02z\\MG32F02A_Driver\\Source\\MG32x02z_SYS_DRV.c 0x00000000   Number         0  mg32x02z_sys_drv.o ABSOLUTE
    C:\\Users\\R&D2\\AppData\\Local\\Arm\\Packs\\Megawin\\CM0_DFP\\2.1.1\\Device\\MG32x02z\\MG32F02A_Driver\\Source\\MG32x02z_TM_DRV.c 0x00000000   Number         0  mg32x02z_tm_drv.o ABSOLUTE
    C:\\Users\\R&D2\\AppData\\Local\\Arm\\Packs\\Megawin\\CM0_DFP\\2.1.1\\Device\\MG32x02z\\MG32F02A_Driver\\Source\\MG32x02z_URT_DRV.c 0x00000000   Number         0  mg32x02z_urt_drv.o ABSOLUTE
    C:\\Users\\R&D2\\AppData\\Local\\Arm\\Packs\\Megawin\\CM0_DFP\\2.1.1\\Device\\MG32x02z\\MG32F02A_Driver\\Source\\MG32x02z_USB_DRV.c 0x00000000   Number         0  mg32x02z_usb_drv.o ABSOLUTE
    C:\\Users\\R&D2\\AppData\\Local\\Arm\\Packs\\Megawin\\CM0_DFP\\2.1.1\\Device\\MG32x02z\\MG32F02A_Driver\\Source\\MG32x02z_WWDT_DRV.c 0x00000000   Number         0  mg32x02z_wwdt_drv.o ABSOLUTE
    C:\\Users\\R&D2\\AppData\\Local\\Arm\\Packs\\Megawin\\CM0_DFP\\2.1.1\\Device\\MG32x02z\\MG32F02A_Driver\\Source\\MG32x02z__Common_DRV.c 0x00000000   Number         0  mg32x02z__common_drv.o ABSOLUTE
    RTE\ChipInit_Wizard\MG32F02U128\MG32x02z_ADC_Init.c 0x00000000   Number         0  mg32x02z_adc_init.o ABSOLUTE
    RTE\ChipInit_Wizard\MG32F02U128\MG32x02z_APB_Init.c 0x00000000   Number         0  mg32x02z_apb_init.o ABSOLUTE
    RTE\ChipInit_Wizard\MG32F02U128\MG32x02z_CCL_Init.c 0x00000000   Number         0  mg32x02z_ccl_init.o ABSOLUTE
    RTE\ChipInit_Wizard\MG32F02U128\MG32x02z_CMP_Init.c 0x00000000   Number         0  mg32x02z_cmp_init.o ABSOLUTE
    RTE\ChipInit_Wizard\MG32F02U128\MG32x02z_CSC_Init.c 0x00000000   Number         0  mg32x02z_csc_init.o ABSOLUTE
    RTE\ChipInit_Wizard\MG32F02U128\MG32x02z_ChipInit.c 0x00000000   Number         0  mg32x02z_chipinit.o ABSOLUTE
    RTE\ChipInit_Wizard\MG32F02U128\MG32x02z_DAC_Init.c 0x00000000   Number         0  mg32x02z_dac_init.o ABSOLUTE
    RTE\ChipInit_Wizard\MG32F02U128\MG32x02z_EMB_Init.c 0x00000000   Number         0  mg32x02z_emb_init.o ABSOLUTE
    RTE\ChipInit_Wizard\MG32F02U128\MG32x02z_EXIC_Init.c 0x00000000   Number         0  mg32x02z_exic_init.o ABSOLUTE
    RTE\ChipInit_Wizard\MG32F02U128\MG32x02z_GPIO_Init.c 0x00000000   Number         0  mg32x02z_gpio_init.o ABSOLUTE
    RTE\ChipInit_Wizard\MG32F02U128\MG32x02z_GPL_Init.c 0x00000000   Number         0  mg32x02z_gpl_init.o ABSOLUTE
    RTE\ChipInit_Wizard\MG32F02U128\MG32x02z_MEM_Init.c 0x00000000   Number         0  mg32x02z_mem_init.o ABSOLUTE
    RTE\ChipInit_Wizard\MG32F02U128\MG32x02z_PW_Init.c 0x00000000   Number         0  mg32x02z_pw_init.o ABSOLUTE
    RTE\ChipInit_Wizard\MG32F02U128\MG32x02z_RST_Init.c 0x00000000   Number         0  mg32x02z_rst_init.o ABSOLUTE
    RTE\ChipInit_Wizard\MG32F02U128\MG32x02z_RTC_Init.c 0x00000000   Number         0  mg32x02z_rtc_init.o ABSOLUTE
    RTE\ChipInit_Wizard\MG32F02U128\MG32x02z_TM_Init.c 0x00000000   Number         0  mg32x02z_tm_init.o ABSOLUTE
    RTE\ChipInit_Wizard\MG32F02U128\MG32x02z_URT_Init.c 0x00000000   Number         0  mg32x02z_urt_init.o ABSOLUTE
    RTE\ChipInit_Wizard\MG32F02U128\MG32x02z__IRQHandler.c 0x00000000   Number         0  mg32x02z__irqhandler.o ABSOLUTE
    RTE\Device\MG32F02U128\startup_MG32x02z.s 0x00000000   Number         0  startup_mg32x02z.o ABSOLUTE
    RTE\Device\MG32F02U128\system_MG32x02z.c 0x00000000   Number         0  system_mg32x02z.o ABSOLUTE
    RTE\\ChipInit_Wizard\\MG32F02U128\\MG32x02z_ADC_Init.c 0x00000000   Number         0  mg32x02z_adc_init.o ABSOLUTE
    RTE\\ChipInit_Wizard\\MG32F02U128\\MG32x02z_APB_Init.c 0x00000000   Number         0  mg32x02z_apb_init.o ABSOLUTE
    RTE\\ChipInit_Wizard\\MG32F02U128\\MG32x02z_CCL_Init.c 0x00000000   Number         0  mg32x02z_ccl_init.o ABSOLUTE
    RTE\\ChipInit_Wizard\\MG32F02U128\\MG32x02z_CMP_Init.c 0x00000000   Number         0  mg32x02z_cmp_init.o ABSOLUTE
    RTE\\ChipInit_Wizard\\MG32F02U128\\MG32x02z_CSC_Init.c 0x00000000   Number         0  mg32x02z_csc_init.o ABSOLUTE
    RTE\\ChipInit_Wizard\\MG32F02U128\\MG32x02z_ChipInit.c 0x00000000   Number         0  mg32x02z_chipinit.o ABSOLUTE
    RTE\\ChipInit_Wizard\\MG32F02U128\\MG32x02z_DAC_Init.c 0x00000000   Number         0  mg32x02z_dac_init.o ABSOLUTE
    RTE\\ChipInit_Wizard\\MG32F02U128\\MG32x02z_EMB_Init.c 0x00000000   Number         0  mg32x02z_emb_init.o ABSOLUTE
    RTE\\ChipInit_Wizard\\MG32F02U128\\MG32x02z_EXIC_Init.c 0x00000000   Number         0  mg32x02z_exic_init.o ABSOLUTE
    RTE\\ChipInit_Wizard\\MG32F02U128\\MG32x02z_GPIO_Init.c 0x00000000   Number         0  mg32x02z_gpio_init.o ABSOLUTE
    RTE\\ChipInit_Wizard\\MG32F02U128\\MG32x02z_GPL_Init.c 0x00000000   Number         0  mg32x02z_gpl_init.o ABSOLUTE
    RTE\\ChipInit_Wizard\\MG32F02U128\\MG32x02z_MEM_Init.c 0x00000000   Number         0  mg32x02z_mem_init.o ABSOLUTE
    RTE\\ChipInit_Wizard\\MG32F02U128\\MG32x02z_PW_Init.c 0x00000000   Number         0  mg32x02z_pw_init.o ABSOLUTE
    RTE\\ChipInit_Wizard\\MG32F02U128\\MG32x02z_RST_Init.c 0x00000000   Number         0  mg32x02z_rst_init.o ABSOLUTE
    RTE\\ChipInit_Wizard\\MG32F02U128\\MG32x02z_RTC_Init.c 0x00000000   Number         0  mg32x02z_rtc_init.o ABSOLUTE
    RTE\\ChipInit_Wizard\\MG32F02U128\\MG32x02z_TM_Init.c 0x00000000   Number         0  mg32x02z_tm_init.o ABSOLUTE
    RTE\\ChipInit_Wizard\\MG32F02U128\\MG32x02z_URT_Init.c 0x00000000   Number         0  mg32x02z_urt_init.o ABSOLUTE
    RTE\\ChipInit_Wizard\\MG32F02U128\\MG32x02z__IRQHandler.c 0x00000000   Number         0  mg32x02z__irqhandler.o ABSOLUTE
    RTE\\Device\\MG32F02U128\\system_MG32x02z.c 0x00000000   Number         0  system_mg32x02z.o ABSOLUTE
    Sample_main_wizard.c                     0x00000000   Number         0  sample_main_wizard.o ABSOLUTE
    Sample_main_wizard.c                     0x00000000   Number         0  sample_main_wizard.o ABSOLUTE
    cdcmple.s                                0x00000000   Number         0  cdcmple.o ABSOLUTE
    cdrcmple.s                               0x00000000   Number         0  cdrcmple.o ABSOLUTE
    dc.s                                     0x00000000   Number         0  dc.o ABSOLUTE
    handlers.s                               0x00000000   Number         0  handlers.o ABSOLUTE
    init.s                                   0x00000000   Number         0  init.o ABSOLUTE
    .ARM.Collect$$$$00000000                 0x000000c0   Section        0  entry.o(.ARM.Collect$$$$00000000)
    .ARM.Collect$$$$00000001                 0x000000c0   Section        4  entry2.o(.ARM.Collect$$$$00000001)
    .ARM.Collect$$$$00000004                 0x000000c4   Section        4  entry5.o(.ARM.Collect$$$$00000004)
    .ARM.Collect$$$$00000008                 0x000000c8   Section        0  entry7b.o(.ARM.Collect$$$$00000008)
    .ARM.Collect$$$$0000000A                 0x000000c8   Section        0  entry8b.o(.ARM.Collect$$$$0000000A)
    .ARM.Collect$$$$0000000B                 0x000000c8   Section        8  entry9a.o(.ARM.Collect$$$$0000000B)
    .ARM.Collect$$$$0000000E                 0x000000d0   Section        4  entry12b.o(.ARM.Collect$$$$0000000E)
    .ARM.Collect$$$$0000000F                 0x000000d4   Section        0  entry10a.o(.ARM.Collect$$$$0000000F)
    .ARM.Collect$$$$00000011                 0x000000d4   Section        0  entry11a.o(.ARM.Collect$$$$00000011)
    .ARM.Collect$$$$00002712                 0x000000d4   Section        4  entry2.o(.ARM.Collect$$$$00002712)
    __lit__00000000                          0x000000d4   Data           4  entry2.o(.ARM.Collect$$$$00002712)
    .text                                    0x000000d8   Section       60  startup_mg32x02z.o(.text)
    .text                                    0x00000114   Section        0  uidiv.o(.text)
    .text                                    0x00000140   Section        0  memseta.o(.text)
    .text                                    0x00000164   Section        0  uread4.o(.text)
    .text                                    0x00000178   Section        0  uwrite4.o(.text)
    .text                                    0x0000018a   Section        0  uldiv.o(.text)
    .text                                    0x000001ea   Section        0  llshl.o(.text)
    .text                                    0x0000020c   Section       36  init.o(.text)
    .text                                    0x00000230   Section        0  llushr.o(.text)
    i.ADC_ClearFlag                          0x00000252   Section        0  mg32x02z_adc_drv.o(i.ADC_ClearFlag)
    i.ADC_ContinueMode_Cmd                   0x00000256   Section        0  mg32x02z_adc_drv.o(i.ADC_ContinueMode_Cmd)
    i.ADC_ConversionMode_Select              0x0000026e   Section        0  mg32x02z_adc_drv.o(i.ADC_ConversionMode_Select)
    i.ADC_DataResolution_Select              0x000002e0   Section        0  mg32x02z_adc_drv.o(i.ADC_DataResolution_Select)
    i.ADC_GetDAT0Data                        0x000002f4   Section        0  mg32x02z_adc_drv.o(i.ADC_GetDAT0Data)
    i.ADC_GetSingleFlagStatus                0x000002fe   Section        0  mg32x02z_adc_drv.o(i.ADC_GetSingleFlagStatus)
    i.ADC_Init                               0x00000310   Section        0  mg32x02z_adc_init.o(i.ADC_Init)
    i.ADC_InternalChannel_Select             0x0000034c   Section        0  mg32x02z_adc_drv.o(i.ADC_InternalChannel_Select)
    i.ADC_MainConversionMode_Select          0x00000352   Section        0  mg32x02z_adc_drv.o(i.ADC_MainConversionMode_Select)
    i.ADC_SetOutputCodeFormat                0x00000366   Section        0  mg32x02z_adc_drv.o(i.ADC_SetOutputCodeFormat)
    i.ADC_SingleDifferentMode_Select         0x00000370   Section        0  mg32x02z_adc_drv.o(i.ADC_SingleDifferentMode_Select)
    i.ADC_SoftwareConversion_Cmd             0x0000037a   Section        0  mg32x02z_adc_drv.o(i.ADC_SoftwareConversion_Cmd)
    i.ADC_StartCalibration                   0x00000390   Section        0  mg32x02z_adc_drv.o(i.ADC_StartCalibration)
    i.ADC_TriggerSource_Select               0x000004f8   Section        0  mg32x02z_adc_drv.o(i.ADC_TriggerSource_Select)
    i.APB_Init                               0x0000050c   Section        0  mg32x02z_apb_init.o(i.APB_Init)
    i.APX_CCL_Init                           0x0000050e   Section        0  mg32x02z_ccl_init.o(i.APX_CCL_Init)
    i.CMP_ACx_Init                           0x00000510   Section        0  mg32x02z_cmp_init.o(i.CMP_ACx_Init)
    i.CSC_EXTCK_Enable                       0x00000514   Section        0  mg32x02z_csc_init.o(i.CSC_EXTCK_Enable)
    i.CSC_IHRCO_Enable                       0x00000538   Section        0  mg32x02z_csc_init.o(i.CSC_IHRCO_Enable)
    i.CSC_Init                               0x0000059c   Section        0  mg32x02z_csc_init.o(i.CSC_Init)
    i.CSC_PeriphONModeClock_Config           0x00000988   Section        0  mg32x02z_csc_drv.o(i.CSC_PeriphONModeClock_Config)
    i.CSC_PeriphProcessClockSource_Config    0x00000a30   Section        0  mg32x02z_csc_drv.o(i.CSC_PeriphProcessClockSource_Config)
    i.CSC_XOSC_Enable                        0x00000acc   Section        0  mg32x02z_csc_init.o(i.CSC_XOSC_Enable)
    i.ChipInit                               0x00000b64   Section        0  mg32x02z_chipinit.o(i.ChipInit)
    i.DAC_Init                               0x00000bd8   Section        0  mg32x02z_dac_init.o(i.DAC_Init)
    i.Delay                                  0x00000bda   Section        0  mg32x02z__common_drv.o(i.Delay)
    i.EMB_Initial                            0x00000bfc   Section        0  mg32x02z_emb_init.o(i.EMB_Initial)
    i.EXIC_ClearPxTriggerEventFlag           0x00000c40   Section        0  mg32x02z_exic_drv.o(i.EXIC_ClearPxTriggerEventFlag)
    i.EXIC_ClearPxTriggerITFlag              0x00000c44   Section        0  mg32x02z_exic_drv.o(i.EXIC_ClearPxTriggerITFlag)
    i.EXIC_Init                              0x00000c56   Section        0  mg32x02z_exic_init.o(i.EXIC_Init)
    i.EXIC_PxTriggerAndMask_Select           0x00000c60   Section        0  mg32x02z_exic_drv.o(i.EXIC_PxTriggerAndMask_Select)
    i.EXIC_PxTriggerITEA_Cmd                 0x00000c64   Section        0  mg32x02z_exic_drv.o(i.EXIC_PxTriggerITEA_Cmd)
    i.EXIC_PxTriggerMode_Select              0x00000c88   Section        0  mg32x02z_exic_drv.o(i.EXIC_PxTriggerMode_Select)
    i.EXIC_PxTriggerOrMask_Select            0x00000cc8   Section        0  mg32x02z_exic_drv.o(i.EXIC_PxTriggerOrMask_Select)
    i.EXINT0_IRQHandler                      0x00000ccc   Section        0  sample_main_wizard.o(i.EXINT0_IRQHandler)
    i.GPIO_Init                              0x00000cf4   Section        0  mg32x02z_gpio_init.o(i.GPIO_Init)
    i.GPIO_PinMode_Config                    0x00000d1c   Section        0  mg32x02z_gpio_drv.o(i.GPIO_PinMode_Config)
    i.GPL_Init                               0x00000d42   Section        0  mg32x02z_gpl_init.o(i.GPL_Init)
    i.GetTick                                0x00000d60   Section        0  mg32x02z__common_drv.o(i.GetTick)
    i.HardFault_Handler_C                    0x00000d6c   Section        0  system_mg32x02z.o(i.HardFault_Handler_C)
    i.IncTick                                0x00000eec   Section        0  mg32x02z__common_drv.o(i.IncTick)
    i.InitTick                               0x00000efc   Section        0  mg32x02z__common_drv.o(i.InitTick)
    i.MEM_Init                               0x00000f48   Section        0  mg32x02z_mem_init.o(i.MEM_Init)
    i.NMI_Handler                            0x00000f90   Section        0  mg32x02z__irqhandler.o(i.NMI_Handler)
    i.PW_Init                                0x00000f94   Section        0  mg32x02z_pw_init.o(i.PW_Init)
    i.PendSV_Handler                         0x00000fd4   Section        0  mg32x02z__irqhandler.o(i.PendSV_Handler)
    i.ProtectModuleReg                       0x00000fd6   Section        0  mg32x02z__common_drv.o(i.ProtectModuleReg)
    i.RST_Init                               0x00000fec   Section        0  mg32x02z_rst_init.o(i.RST_Init)
    i.RTC_Init                               0x00001034   Section        0  mg32x02z_rtc_init.o(i.RTC_Init)
    i.SVC_Handler                            0x00001120   Section        0  mg32x02z__irqhandler.o(i.SVC_Handler)
    i.SysTick_Handler                        0x00001122   Section        0  mg32x02z__irqhandler.o(i.SysTick_Handler)
    i.SystemInit                             0x0000112c   Section        0  system_mg32x02z.o(i.SystemInit)
    i.TM_Init                                0x0000113c   Section        0  mg32x02z_tm_init.o(i.TM_Init)
    i.URT0_IRQHandler                        0x00001140   Section        0  sample_main_wizard.o(i.URT0_IRQHandler)
    i.URT_BaudRateGenerator_Cmd              0x000011d8   Section        0  mg32x02z_urt_drv.o(i.URT_BaudRateGenerator_Cmd)
    i.URT_BaudRateGenerator_Config           0x000011e8   Section        0  mg32x02z_urt_drv.o(i.URT_BaudRateGenerator_Config)
    i.URT_ClearITFlag                        0x00001214   Section        0  mg32x02z_urt_drv.o(i.URT_ClearITFlag)
    i.URT_ClearRXData                        0x0000121e   Section        0  mg32x02z_urt_drv.o(i.URT_ClearRXData)
    i.URT_ClearTXData                        0x00001228   Section        0  mg32x02z_urt_drv.o(i.URT_ClearTXData)
    i.URT_Cmd                                0x00001232   Section        0  mg32x02z_urt_drv.o(i.URT_Cmd)
    i.URT_DataCharacter_Config               0x0000123e   Section        0  mg32x02z_urt_drv.o(i.URT_DataCharacter_Config)
    i.URT_DataLine_Select                    0x0000127e   Section        0  mg32x02z_urt_drv.o(i.URT_DataLine_Select)
    i.URT_GetITSingleFlagStatus              0x0000128c   Section        0  mg32x02z_urt_drv.o(i.URT_GetITSingleFlagStatus)
    i.URT_ITEA_Cmd                           0x000012ac   Section        0  mg32x02z_urt_drv.o(i.URT_ITEA_Cmd)
    i.URT_IT_Config                          0x000012b8   Section        0  mg32x02z_urt_drv.o(i.URT_IT_Config)
    i.URT_IdlehandleMode_Select              0x000012c8   Section        0  mg32x02z_urt_drv.o(i.URT_IdlehandleMode_Select)
    i.URT_Init                               0x000012d6   Section        0  mg32x02z_urt_init.o(i.URT_Init)
    i.URT_Mode_Select                        0x000012da   Section        0  mg32x02z_urt_drv.o(i.URT_Mode_Select)
    i.URT_RXClockSource_Select               0x00001300   Section        0  mg32x02z_urt_drv.o(i.URT_RXClockSource_Select)
    i.URT_RXOverSamplingMode_Select          0x0000130e   Section        0  mg32x02z_urt_drv.o(i.URT_RXOverSamplingMode_Select)
    i.URT_RXOverSamplingSampleNumber_Select  0x0000131a   Section        0  mg32x02z_urt_drv.o(i.URT_RXOverSamplingSampleNumber_Select)
    i.URT_RXShadowBufferThreshold_Select     0x0000132a   Section        0  mg32x02z_urt_drv.o(i.URT_RXShadowBufferThreshold_Select)
    i.URT_RX_Cmd                             0x00001338   Section        0  mg32x02z_urt_drv.o(i.URT_RX_Cmd)
    i.URT_SetTXData                          0x00001346   Section        0  mg32x02z_urt_drv.o(i.URT_SetTXData)
    i.URT_TXClockSource_Select               0x00001378   Section        0  mg32x02z_urt_drv.o(i.URT_TXClockSource_Select)
    i.URT_TXGuardTime_Select                 0x00001386   Section        0  mg32x02z_urt_drv.o(i.URT_TXGuardTime_Select)
    i.URT_TXOverSamplingSampleNumber_Select  0x0000138a   Section        0  mg32x02z_urt_drv.o(i.URT_TXOverSamplingSampleNumber_Select)
    i.URT_TX_Cmd                             0x0000139a   Section        0  mg32x02z_urt_drv.o(i.URT_TX_Cmd)
    i.UnProtectModuleReg                     0x000013a8   Section        0  mg32x02z__common_drv.o(i.UnProtectModuleReg)
    i.__0printf$5                            0x000013c0   Section        0  printf5.o(i.__0printf$5)
    i.__ARM_common_switch8                   0x000013e0   Section        0  mg32x02z_adc_drv.o(i.__ARM_common_switch8)
    i.__NVIC_EnableIRQ                       0x000013fc   Section        0  sample_main_wizard.o(i.__NVIC_EnableIRQ)
    __NVIC_EnableIRQ                         0x000013fd   Thumb Code    26  sample_main_wizard.o(i.__NVIC_EnableIRQ)
    i.__NVIC_SetPriority                     0x0000141c   Section        0  mg32x02z_chipinit.o(i.__NVIC_SetPriority)
    __NVIC_SetPriority                       0x0000141d   Thumb Code   110  mg32x02z_chipinit.o(i.__NVIC_SetPriority)
    i.__NVIC_SetPriority                     0x00001494   Section        0  mg32x02z__common_drv.o(i.__NVIC_SetPriority)
    __NVIC_SetPriority                       0x00001495   Thumb Code   110  mg32x02z__common_drv.o(i.__NVIC_SetPriority)
    i.__scatterload_copy                     0x0000150c   Section       14  handlers.o(i.__scatterload_copy)
    i.__scatterload_null                     0x0000151a   Section        2  handlers.o(i.__scatterload_null)
    i.__scatterload_zeroinit                 0x0000151c   Section       14  handlers.o(i.__scatterload_zeroinit)
    i._printf_core                           0x0000152c   Section        0  printf5.o(i._printf_core)
    _printf_core                             0x0000152d   Thumb Code   680  printf5.o(i._printf_core)
    i.fputc                                  0x00001800   Section        0  sample_main_wizard.o(i.fputc)
    i.main                                   0x00001830   Section        0  sample_main_wizard.o(i.main)
    .constdata                               0x00001ac4   Section       80  mg32x02z_csc_init.o(.constdata)
    CSC_InitConfig                           0x00001ac4   Data          80  mg32x02z_csc_init.o(.constdata)
    .constdata                               0x00001b14   Section      148  mg32x02z_chipinit.o(.constdata)
    CONF_PW_InitConfig                       0x00001b14   Data          28  mg32x02z_chipinit.o(.constdata)
    CONF_RST_InitConfig                      0x00001b30   Data          36  mg32x02z_chipinit.o(.constdata)
    GPIO_CFG                                 0x00001b54   Data           4  mg32x02z_chipinit.o(.constdata)
    CSC_InitConfig                           0x00001b58   Data          80  mg32x02z_chipinit.o(.constdata)
    .constdata                               0x00001ba8   Section        4  mg32x02z_gpio_init.o(.constdata)
    GPIO_CFG                                 0x00001ba8   Data           4  mg32x02z_gpio_init.o(.constdata)
    .constdata                               0x00001bac   Section       28  mg32x02z_pw_init.o(.constdata)
    CONF_PW_InitConfig                       0x00001bac   Data          28  mg32x02z_pw_init.o(.constdata)
    .constdata                               0x00001bc8   Section       36  mg32x02z_rst_init.o(.constdata)
    CONF_RST_InitConfig                      0x00001bc8   Data          36  mg32x02z_rst_init.o(.constdata)
    .data                                    0x20000000   Section       13  sample_main_wizard.o(.data)
    RxCont                                   0x20000000   Data           2  sample_main_wizard.o(.data)
    PosW                                     0x20000002   Data           1  sample_main_wizard.o(.data)
    txLen                                    0x20000003   Data           1  sample_main_wizard.o(.data)
    .data                                    0x20000010   Section       36  system_mg32x02z.o(.data)
    stacked_r0                               0x20000014   Data           4  system_mg32x02z.o(.data)
    stacked_r1                               0x20000018   Data           4  system_mg32x02z.o(.data)
    stacked_r2                               0x2000001c   Data           4  system_mg32x02z.o(.data)
    stacked_r3                               0x20000020   Data           4  system_mg32x02z.o(.data)
    stacked_r12                              0x20000024   Data           4  system_mg32x02z.o(.data)
    stacked_lr                               0x20000028   Data           4  system_mg32x02z.o(.data)
    stacked_pc                               0x2000002c   Data           4  system_mg32x02z.o(.data)
    stacked_psr                              0x20000030   Data           4  system_mg32x02z.o(.data)
    .data                                    0x20000034   Section        4  mg32x02z__common_drv.o(.data)
    uwTick                                   0x20000034   Data           4  mg32x02z__common_drv.o(.data)
    .data                                    0x20000038   Section        4  stdout.o(.data)
    .bss                                     0x2000003c   Section     2448  sample_main_wizard.o(.bss)
    STACK                                    0x200009d0   Section     1024  startup_mg32x02z.o(STACK)

    Global Symbols

    Symbol Name                              Value     Ov Type        Size  Object(Section)

    BuildAttributes$$THM_ISAv3M$S$PE$A:L22$X:L11$S22$IEEE1$IW$USESV6$~STKCKD$USESV7$~SHL$OSPACE$ROPI$EBA8$MICROLIB$REQ8$PRES8$EABIv2 0x00000000   Number         0  anon$$obj.o ABSOLUTE
    __ARM_use_no_argv                        0x00000000   Number         0  sample_main_wizard.o ABSOLUTE
    __Vectors                                0x00000000   Data           4  startup_mg32x02z.o(RESET)
    _printf_a                                0x00000000   Number         0  stubs.o ABSOLUTE
    _printf_c                                0x00000000   Number         0  stubs.o ABSOLUTE
    _printf_charcount                        0x00000000   Number         0  stubs.o ABSOLUTE
    _printf_d                                0x00000000   Number         0  stubs.o ABSOLUTE
    _printf_e                                0x00000000   Number         0  stubs.o ABSOLUTE
    _printf_f                                0x00000000   Number         0  stubs.o ABSOLUTE
    _printf_flags                            0x00000000   Number         0  stubs.o ABSOLUTE
    _printf_fp_dec                           0x00000000   Number         0  stubs.o ABSOLUTE
    _printf_fp_hex                           0x00000000   Number         0  stubs.o ABSOLUTE
    _printf_g                                0x00000000   Number         0  stubs.o ABSOLUTE
    _printf_i                                0x00000000   Number         0  stubs.o ABSOLUTE
    _printf_int_dec                          0x00000000   Number         0  stubs.o ABSOLUTE
    _printf_l                                0x00000000   Number         0  stubs.o ABSOLUTE
    _printf_lc                               0x00000000   Number         0  stubs.o ABSOLUTE
    _printf_ll                               0x00000000   Number         0  stubs.o ABSOLUTE
    _printf_lld                              0x00000000   Number         0  stubs.o ABSOLUTE
    _printf_lli                              0x00000000   Number         0  stubs.o ABSOLUTE
    _printf_llo                              0x00000000   Number         0  stubs.o ABSOLUTE
    _printf_llu                              0x00000000   Number         0  stubs.o ABSOLUTE
    _printf_llx                              0x00000000   Number         0  stubs.o ABSOLUTE
    _printf_longlong_dec                     0x00000000   Number         0  stubs.o ABSOLUTE
    _printf_longlong_hex                     0x00000000   Number         0  stubs.o ABSOLUTE
    _printf_longlong_oct                     0x00000000   Number         0  stubs.o ABSOLUTE
    _printf_ls                               0x00000000   Number         0  stubs.o ABSOLUTE
    _printf_mbtowc                           0x00000000   Number         0  stubs.o ABSOLUTE
    _printf_n                                0x00000000   Number         0  stubs.o ABSOLUTE
    _printf_o                                0x00000000   Number         0  stubs.o ABSOLUTE
    _printf_p                                0x00000000   Number         0  stubs.o ABSOLUTE
    _printf_percent                          0x00000000   Number         0  stubs.o ABSOLUTE
    _printf_pre_padding                      0x00000000   Number         0  stubs.o ABSOLUTE
    _printf_return_value                     0x00000000   Number         0  stubs.o ABSOLUTE
    _printf_s                                0x00000000   Number         0  stubs.o ABSOLUTE
    _printf_sizespec                         0x00000000   Number         0  stubs.o ABSOLUTE
    _printf_str                              0x00000000   Number         0  stubs.o ABSOLUTE
    _printf_truncate_signed                  0x00000000   Number         0  stubs.o ABSOLUTE
    _printf_truncate_unsigned                0x00000000   Number         0  stubs.o ABSOLUTE
    _printf_u                                0x00000000   Number         0  stubs.o ABSOLUTE
    _printf_wc                               0x00000000   Number         0  stubs.o ABSOLUTE
    _printf_wctomb                           0x00000000   Number         0  stubs.o ABSOLUTE
    _printf_widthprec                        0x00000000   Number         0  stubs.o ABSOLUTE
    _printf_x                                0x00000000   Number         0  stubs.o ABSOLUTE
    __arm_fini_                               - Undefined Weak Reference
    __cpp_initialize__aeabi_                  - Undefined Weak Reference
    __cxa_finalize                            - Undefined Weak Reference
    __decompress                              - Undefined Weak Reference
    _clock_init                               - Undefined Weak Reference
    _microlib_exit                            - Undefined Weak Reference
    __Vectors_End                            0x000000c0   Data           0  startup_mg32x02z.o(RESET)
    __Vectors_Size                           0x000000c0   Number         0  startup_mg32x02z.o ABSOLUTE
    __main                                   0x000000c1   Thumb Code     0  entry.o(.ARM.Collect$$$$00000000)
    _main_stk                                0x000000c1   Thumb Code     0  entry2.o(.ARM.Collect$$$$00000001)
    _main_scatterload                        0x000000c5   Thumb Code     0  entry5.o(.ARM.Collect$$$$00000004)
    __main_after_scatterload                 0x000000c9   Thumb Code     0  entry5.o(.ARM.Collect$$$$00000004)
    _main_clock                              0x000000c9   Thumb Code     0  entry7b.o(.ARM.Collect$$$$00000008)
    _main_cpp_init                           0x000000c9   Thumb Code     0  entry8b.o(.ARM.Collect$$$$0000000A)
    _main_init                               0x000000c9   Thumb Code     0  entry9a.o(.ARM.Collect$$$$0000000B)
    __rt_lib_shutdown_fini                   0x000000d1   Thumb Code     0  entry12b.o(.ARM.Collect$$$$0000000E)
    __rt_final_cpp                           0x000000d5   Thumb Code     0  entry10a.o(.ARM.Collect$$$$0000000F)
    __rt_final_exit                          0x000000d5   Thumb Code     0  entry11a.o(.ARM.Collect$$$$00000011)
    MG32x02z_IEC60730_MANAGER                0x000000d9   Thumb Code     0  startup_mg32x02z.o(.text)
    ReInitial_Stack                          0x000000d9   Thumb Code     6  startup_mg32x02z.o(.text)
    Reset_Handler                            0x000000df   Thumb Code     8  startup_mg32x02z.o(.text)
    HardFault_Handler                        0x000000e9   Thumb Code    24  startup_mg32x02z.o(.text)
    ADC_IRQHandler                           0x00000107   Thumb Code     0  startup_mg32x02z.o(.text)
    APX_IRQHandler                           0x00000107   Thumb Code     0  startup_mg32x02z.o(.text)
    COMP_IRQHandler                          0x00000107   Thumb Code     0  startup_mg32x02z.o(.text)
    DAC_IRQHandler                           0x00000107   Thumb Code     0  startup_mg32x02z.o(.text)
    DMA_IRQHandler                           0x00000107   Thumb Code     0  startup_mg32x02z.o(.text)
    EXINT1_IRQHandler                        0x00000107   Thumb Code     0  startup_mg32x02z.o(.text)
    EXINT2_IRQHandler                        0x00000107   Thumb Code     0  startup_mg32x02z.o(.text)
    EXINT3_IRQHandler                        0x00000107   Thumb Code     0  startup_mg32x02z.o(.text)
    I2C0_IRQHandler                          0x00000107   Thumb Code     0  startup_mg32x02z.o(.text)
    I2Cx_IRQHandler                          0x00000107   Thumb Code     0  startup_mg32x02z.o(.text)
    SPI0_IRQHandler                          0x00000107   Thumb Code     0  startup_mg32x02z.o(.text)
    SPIx_IRQHandler                          0x00000107   Thumb Code     0  startup_mg32x02z.o(.text)
    SYS_IRQHandler                           0x00000107   Thumb Code     0  startup_mg32x02z.o(.text)
    TM0x_IRQHandler                          0x00000107   Thumb Code     0  startup_mg32x02z.o(.text)
    TM10_IRQHandler                          0x00000107   Thumb Code     0  startup_mg32x02z.o(.text)
    TM1x_IRQHandler                          0x00000107   Thumb Code     0  startup_mg32x02z.o(.text)
    TM20_IRQHandler                          0x00000107   Thumb Code     0  startup_mg32x02z.o(.text)
    TM2x_IRQHandler                          0x00000107   Thumb Code     0  startup_mg32x02z.o(.text)
    TM3x_IRQHandler                          0x00000107   Thumb Code     0  startup_mg32x02z.o(.text)
    URT123_IRQHandler                        0x00000107   Thumb Code     0  startup_mg32x02z.o(.text)
    URT4x_IRQHandler                         0x00000107   Thumb Code     0  startup_mg32x02z.o(.text)
    USB_IRQHandler                           0x00000107   Thumb Code     0  startup_mg32x02z.o(.text)
    WWDT_IRQHandler                          0x00000107   Thumb Code     0  startup_mg32x02z.o(.text)
    __aeabi_uidiv                            0x00000115   Thumb Code     0  uidiv.o(.text)
    __aeabi_uidivmod                         0x00000115   Thumb Code    44  uidiv.o(.text)
    __aeabi_memset                           0x00000141   Thumb Code    14  memseta.o(.text)
    __aeabi_memset4                          0x00000141   Thumb Code     0  memseta.o(.text)
    __aeabi_memset8                          0x00000141   Thumb Code     0  memseta.o(.text)
    __aeabi_memclr                           0x0000014f   Thumb Code     4  memseta.o(.text)
    __aeabi_memclr4                          0x0000014f   Thumb Code     0  memseta.o(.text)
    __aeabi_memclr8                          0x0000014f   Thumb Code     0  memseta.o(.text)
    _memset$wrapper                          0x00000153   Thumb Code    18  memseta.o(.text)
    __aeabi_uread4                           0x00000165   Thumb Code    20  uread4.o(.text)
    __rt_uread4                              0x00000165   Thumb Code     0  uread4.o(.text)
    _uread4                                  0x00000165   Thumb Code     0  uread4.o(.text)
    __aeabi_uwrite4                          0x00000179   Thumb Code    18  uwrite4.o(.text)
    __rt_uwrite4                             0x00000179   Thumb Code     0  uwrite4.o(.text)
    _uwrite4                                 0x00000179   Thumb Code     0  uwrite4.o(.text)
    __aeabi_uldivmod                         0x0000018b   Thumb Code    96  uldiv.o(.text)
    __aeabi_llsl                             0x000001eb   Thumb Code    32  llshl.o(.text)
    _ll_shift_l                              0x000001eb   Thumb Code     0  llshl.o(.text)
    __scatterload                            0x0000020d   Thumb Code    28  init.o(.text)
    __scatterload_rt2                        0x0000020d   Thumb Code     0  init.o(.text)
    __aeabi_llsr                             0x00000231   Thumb Code    34  llushr.o(.text)
    _ll_ushift_r                             0x00000231   Thumb Code     0  llushr.o(.text)
    ADC_ClearFlag                            0x00000253   Thumb Code     4  mg32x02z_adc_drv.o(i.ADC_ClearFlag)
    ADC_ContinueMode_Cmd                     0x00000257   Thumb Code    24  mg32x02z_adc_drv.o(i.ADC_ContinueMode_Cmd)
    ADC_ConversionMode_Select                0x0000026f   Thumb Code   114  mg32x02z_adc_drv.o(i.ADC_ConversionMode_Select)
    ADC_DataResolution_Select                0x000002e1   Thumb Code    20  mg32x02z_adc_drv.o(i.ADC_DataResolution_Select)
    ADC_GetDAT0Data                          0x000002f5   Thumb Code    10  mg32x02z_adc_drv.o(i.ADC_GetDAT0Data)
    ADC_GetSingleFlagStatus                  0x000002ff   Thumb Code    18  mg32x02z_adc_drv.o(i.ADC_GetSingleFlagStatus)
    ADC_Init                                 0x00000311   Thumb Code    60  mg32x02z_adc_init.o(i.ADC_Init)
    ADC_InternalChannel_Select               0x0000034d   Thumb Code     6  mg32x02z_adc_drv.o(i.ADC_InternalChannel_Select)
    ADC_MainConversionMode_Select            0x00000353   Thumb Code    20  mg32x02z_adc_drv.o(i.ADC_MainConversionMode_Select)
    ADC_SetOutputCodeFormat                  0x00000367   Thumb Code    10  mg32x02z_adc_drv.o(i.ADC_SetOutputCodeFormat)
    ADC_SingleDifferentMode_Select           0x00000371   Thumb Code    10  mg32x02z_adc_drv.o(i.ADC_SingleDifferentMode_Select)
    ADC_SoftwareConversion_Cmd               0x0000037b   Thumb Code    20  mg32x02z_adc_drv.o(i.ADC_SoftwareConversion_Cmd)
    ADC_StartCalibration                     0x00000391   Thumb Code   356  mg32x02z_adc_drv.o(i.ADC_StartCalibration)
    ADC_TriggerSource_Select                 0x000004f9   Thumb Code    20  mg32x02z_adc_drv.o(i.ADC_TriggerSource_Select)
    APB_Init                                 0x0000050d   Thumb Code     2  mg32x02z_apb_init.o(i.APB_Init)
    APX_CCL_Init                             0x0000050f   Thumb Code     2  mg32x02z_ccl_init.o(i.APX_CCL_Init)
    CMP_ACx_Init                             0x00000511   Thumb Code     2  mg32x02z_cmp_init.o(i.CMP_ACx_Init)
    CSC_EXTCK_Enable                         0x00000515   Thumb Code    26  mg32x02z_csc_init.o(i.CSC_EXTCK_Enable)
    CSC_IHRCO_Enable                         0x00000539   Thumb Code    96  mg32x02z_csc_init.o(i.CSC_IHRCO_Enable)
    CSC_Init                                 0x0000059d   Thumb Code   974  mg32x02z_csc_init.o(i.CSC_Init)
    CSC_PeriphONModeClock_Config             0x00000989   Thumb Code   164  mg32x02z_csc_drv.o(i.CSC_PeriphONModeClock_Config)
    CSC_PeriphProcessClockSource_Config      0x00000a31   Thumb Code   150  mg32x02z_csc_drv.o(i.CSC_PeriphProcessClockSource_Config)
    CSC_XOSC_Enable                          0x00000acd   Thumb Code   142  mg32x02z_csc_init.o(i.CSC_XOSC_Enable)
    ChipInit                                 0x00000b65   Thumb Code   106  mg32x02z_chipinit.o(i.ChipInit)
    DAC_Init                                 0x00000bd9   Thumb Code     2  mg32x02z_dac_init.o(i.DAC_Init)
    Delay                                    0x00000bdb   Thumb Code    32  mg32x02z__common_drv.o(i.Delay)
    EMB_Initial                              0x00000bfd   Thumb Code    60  mg32x02z_emb_init.o(i.EMB_Initial)
    EXIC_ClearPxTriggerEventFlag             0x00000c41   Thumb Code     4  mg32x02z_exic_drv.o(i.EXIC_ClearPxTriggerEventFlag)
    EXIC_ClearPxTriggerITFlag                0x00000c45   Thumb Code    18  mg32x02z_exic_drv.o(i.EXIC_ClearPxTriggerITFlag)
    EXIC_Init                                0x00000c57   Thumb Code    10  mg32x02z_exic_init.o(i.EXIC_Init)
    EXIC_PxTriggerAndMask_Select             0x00000c61   Thumb Code     4  mg32x02z_exic_drv.o(i.EXIC_PxTriggerAndMask_Select)
    EXIC_PxTriggerITEA_Cmd                   0x00000c65   Thumb Code    36  mg32x02z_exic_drv.o(i.EXIC_PxTriggerITEA_Cmd)
    EXIC_PxTriggerMode_Select                0x00000c89   Thumb Code    60  mg32x02z_exic_drv.o(i.EXIC_PxTriggerMode_Select)
    EXIC_PxTriggerOrMask_Select              0x00000cc9   Thumb Code     4  mg32x02z_exic_drv.o(i.EXIC_PxTriggerOrMask_Select)
    EXINT0_IRQHandler                        0x00000ccd   Thumb Code    30  sample_main_wizard.o(i.EXINT0_IRQHandler)
    GPIO_Init                                0x00000cf5   Thumb Code    34  mg32x02z_gpio_init.o(i.GPIO_Init)
    GPIO_PinMode_Config                      0x00000d1d   Thumb Code    38  mg32x02z_gpio_drv.o(i.GPIO_PinMode_Config)
    GPL_Init                                 0x00000d43   Thumb Code    30  mg32x02z_gpl_init.o(i.GPL_Init)
    GetTick                                  0x00000d61   Thumb Code     6  mg32x02z__common_drv.o(i.GetTick)
    HardFault_Handler_C                      0x00000d6d   Thumb Code   150  system_mg32x02z.o(i.HardFault_Handler_C)
    IncTick                                  0x00000eed   Thumb Code    12  mg32x02z__common_drv.o(i.IncTick)
    InitTick                                 0x00000efd   Thumb Code    68  mg32x02z__common_drv.o(i.InitTick)
    MEM_Init                                 0x00000f49   Thumb Code    64  mg32x02z_mem_init.o(i.MEM_Init)
    NMI_Handler                              0x00000f91   Thumb Code     2  mg32x02z__irqhandler.o(i.NMI_Handler)
    PW_Init                                  0x00000f95   Thumb Code    52  mg32x02z_pw_init.o(i.PW_Init)
    PendSV_Handler                           0x00000fd5   Thumb Code     2  mg32x02z__irqhandler.o(i.PendSV_Handler)
    ProtectModuleReg                         0x00000fd7   Thumb Code    20  mg32x02z__common_drv.o(i.ProtectModuleReg)
    RST_Init                                 0x00000fed   Thumb Code    62  mg32x02z_rst_init.o(i.RST_Init)
    RTC_Init                                 0x00001035   Thumb Code   218  mg32x02z_rtc_init.o(i.RTC_Init)
    SVC_Handler                              0x00001121   Thumb Code     2  mg32x02z__irqhandler.o(i.SVC_Handler)
    SysTick_Handler                          0x00001123   Thumb Code     8  mg32x02z__irqhandler.o(i.SysTick_Handler)
    SystemInit                               0x0000112d   Thumb Code     8  system_mg32x02z.o(i.SystemInit)
    TM_Init                                  0x0000113d   Thumb Code     2  mg32x02z_tm_init.o(i.TM_Init)
    URT0_IRQHandler                          0x00001141   Thumb Code   128  sample_main_wizard.o(i.URT0_IRQHandler)
    URT_BaudRateGenerator_Cmd                0x000011d9   Thumb Code    16  mg32x02z_urt_drv.o(i.URT_BaudRateGenerator_Cmd)
    URT_BaudRateGenerator_Config             0x000011e9   Thumb Code    40  mg32x02z_urt_drv.o(i.URT_BaudRateGenerator_Config)
    URT_ClearITFlag                          0x00001215   Thumb Code    10  mg32x02z_urt_drv.o(i.URT_ClearITFlag)
    URT_ClearRXData                          0x0000121f   Thumb Code    10  mg32x02z_urt_drv.o(i.URT_ClearRXData)
    URT_ClearTXData                          0x00001229   Thumb Code    10  mg32x02z_urt_drv.o(i.URT_ClearTXData)
    URT_Cmd                                  0x00001233   Thumb Code    12  mg32x02z_urt_drv.o(i.URT_Cmd)
    URT_DataCharacter_Config                 0x0000123f   Thumb Code    64  mg32x02z_urt_drv.o(i.URT_DataCharacter_Config)
    URT_DataLine_Select                      0x0000127f   Thumb Code    12  mg32x02z_urt_drv.o(i.URT_DataLine_Select)
    URT_GetITSingleFlagStatus                0x0000128d   Thumb Code    28  mg32x02z_urt_drv.o(i.URT_GetITSingleFlagStatus)
    URT_ITEA_Cmd                             0x000012ad   Thumb Code    12  mg32x02z_urt_drv.o(i.URT_ITEA_Cmd)
    URT_IT_Config                            0x000012b9   Thumb Code    16  mg32x02z_urt_drv.o(i.URT_IT_Config)
    URT_IdlehandleMode_Select                0x000012c9   Thumb Code    14  mg32x02z_urt_drv.o(i.URT_IdlehandleMode_Select)
    URT_Init                                 0x000012d7   Thumb Code     4  mg32x02z_urt_init.o(i.URT_Init)
    URT_Mode_Select                          0x000012db   Thumb Code    38  mg32x02z_urt_drv.o(i.URT_Mode_Select)
    URT_RXClockSource_Select                 0x00001301   Thumb Code    14  mg32x02z_urt_drv.o(i.URT_RXClockSource_Select)
    URT_RXOverSamplingMode_Select            0x0000130f   Thumb Code    12  mg32x02z_urt_drv.o(i.URT_RXOverSamplingMode_Select)
    URT_RXOverSamplingSampleNumber_Select    0x0000131b   Thumb Code    16  mg32x02z_urt_drv.o(i.URT_RXOverSamplingSampleNumber_Select)
    URT_RXShadowBufferThreshold_Select       0x0000132b   Thumb Code    14  mg32x02z_urt_drv.o(i.URT_RXShadowBufferThreshold_Select)
    URT_RX_Cmd                               0x00001339   Thumb Code    14  mg32x02z_urt_drv.o(i.URT_RX_Cmd)
    URT_SetTXData                            0x00001347   Thumb Code    50  mg32x02z_urt_drv.o(i.URT_SetTXData)
    URT_TXClockSource_Select                 0x00001379   Thumb Code    14  mg32x02z_urt_drv.o(i.URT_TXClockSource_Select)
    URT_TXGuardTime_Select                   0x00001387   Thumb Code     4  mg32x02z_urt_drv.o(i.URT_TXGuardTime_Select)
    URT_TXOverSamplingSampleNumber_Select    0x0000138b   Thumb Code    16  mg32x02z_urt_drv.o(i.URT_TXOverSamplingSampleNumber_Select)
    URT_TX_Cmd                               0x0000139b   Thumb Code    14  mg32x02z_urt_drv.o(i.URT_TX_Cmd)
    UnProtectModuleReg                       0x000013a9   Thumb Code    18  mg32x02z__common_drv.o(i.UnProtectModuleReg)
    __0printf$5                              0x000013c1   Thumb Code    24  printf5.o(i.__0printf$5)
    __1printf$5                              0x000013c1   Thumb Code     0  printf5.o(i.__0printf$5)
    __2printf                                0x000013c1   Thumb Code     0  printf5.o(i.__0printf$5)
    __ARM_common_switch8                     0x000013e1   Thumb Code    28  mg32x02z_adc_drv.o(i.__ARM_common_switch8)
    __scatterload_copy                       0x0000150d   Thumb Code    14  handlers.o(i.__scatterload_copy)
    __scatterload_null                       0x0000151b   Thumb Code     2  handlers.o(i.__scatterload_null)
    __scatterload_zeroinit                   0x0000151d   Thumb Code    14  handlers.o(i.__scatterload_zeroinit)
    fputc                                    0x00001801   Thumb Code    48  sample_main_wizard.o(i.fputc)
    main                                     0x00001831   Thumb Code   630  sample_main_wizard.o(i.main)
    Region$$Table$$Base                      0x00001bec   Number         0  anon$$obj.o(Region$$Table)
    Region$$Table$$Limit                     0x00001c0c   Number         0  anon$$obj.o(Region$$Table)
    SysTick_Count                            0x20000004   Data           4  sample_main_wizard.o(.data)
    delay                                    0x20000008   Data           4  sample_main_wizard.o(.data)
    gURT0_First                              0x2000000c   Data           1  sample_main_wizard.o(.data)
    SystemCoreClock                          0x20000010   Data           4  system_mg32x02z.o(.data)
    __stdout                                 0x20000038   Data           4  stdout.o(.data)
    txBuf                                    0x2000003c   Data         200  sample_main_wizard.o(.bss)
    rxBuf                                    0x20000104   Data         200  sample_main_wizard.o(.bss)
    URT_TX_TABLE                             0x200001cc   Data        1024  sample_main_wizard.o(.bss)
    URT_RX_TABLE                             0x200005cc   Data        1024  sample_main_wizard.o(.bss)
    __initial_sp                             0x20000dd0   Data           0  startup_mg32x02z.o(STACK)



==============================================================================

Memory Map of the image

  Image Entry point : 0x000000c1

  Load Region LR_IROM1 (Base: 0x00000000, Size: 0x00001c48, Max: 0x00020000, ABSOLUTE)

    Execution Region ER_IROM1 (Exec base: 0x00000000, Load base: 0x00000000, Size: 0x00001c0c, Max: 0x00020000, ABSOLUTE)

    Exec Addr    Load Addr    Size         Type   Attr      Idx    E Section Name        Object

    0x00000000   0x00000000   0x000000c0   Data   RO          813    RESET               startup_mg32x02z.o
    0x000000c0   0x000000c0   0x00000000   Code   RO         6656  * .ARM.Collect$$$$00000000  mc_p.l(entry.o)
    0x000000c0   0x000000c0   0x00000004   Code   RO         6944    .ARM.Collect$$$$00000001  mc_p.l(entry2.o)
    0x000000c4   0x000000c4   0x00000004   Code   RO         6947    .ARM.Collect$$$$00000004  mc_p.l(entry5.o)
    0x000000c8   0x000000c8   0x00000000   Code   RO         6949    .ARM.Collect$$$$00000008  mc_p.l(entry7b.o)
    0x000000c8   0x000000c8   0x00000000   Code   RO         6951    .ARM.Collect$$$$0000000A  mc_p.l(entry8b.o)
    0x000000c8   0x000000c8   0x00000008   Code   RO         6952    .ARM.Collect$$$$0000000B  mc_p.l(entry9a.o)
    0x000000d0   0x000000d0   0x00000004   Code   RO         6959    .ARM.Collect$$$$0000000E  mc_p.l(entry12b.o)
    0x000000d4   0x000000d4   0x00000000   Code   RO         6954    .ARM.Collect$$$$0000000F  mc_p.l(entry10a.o)
    0x000000d4   0x000000d4   0x00000000   Code   RO         6956    .ARM.Collect$$$$00000011  mc_p.l(entry11a.o)
    0x000000d4   0x000000d4   0x00000004   Code   RO         6945    .ARM.Collect$$$$00002712  mc_p.l(entry2.o)
    0x000000d8   0x000000d8   0x0000003c   Code   RO          814    .text               startup_mg32x02z.o
    0x00000114   0x00000114   0x0000002c   Code   RO         6659    .text               mc_p.l(uidiv.o)
    0x00000140   0x00000140   0x00000024   Code   RO         6665    .text               mc_p.l(memseta.o)
    0x00000164   0x00000164   0x00000014   Code   RO         6930    .text               mc_p.l(uread4.o)
    0x00000178   0x00000178   0x00000012   Code   RO         6932    .text               mc_p.l(uwrite4.o)
    0x0000018a   0x0000018a   0x00000060   Code   RO         6961    .text               mc_p.l(uldiv.o)
    0x000001ea   0x000001ea   0x00000020   Code   RO         6963    .text               mc_p.l(llshl.o)
    0x0000020a   0x0000020a   0x00000002   PAD
    0x0000020c   0x0000020c   0x00000024   Code   RO         6976    .text               mc_p.l(init.o)
    0x00000230   0x00000230   0x00000022   Code   RO         6978    .text               mc_p.l(llushr.o)
    0x00000252   0x00000252   0x00000004   Code   RO          867    i.ADC_ClearFlag     mg32x02z_adc_drv.o
    0x00000256   0x00000256   0x00000018   Code   RO          873    i.ADC_ContinueMode_Cmd  mg32x02z_adc_drv.o
    0x0000026e   0x0000026e   0x00000072   Code   RO          874    i.ADC_ConversionMode_Select  mg32x02z_adc_drv.o
    0x000002e0   0x000002e0   0x00000014   Code   RO          880    i.ADC_DataResolution_Select  mg32x02z_adc_drv.o
    0x000002f4   0x000002f4   0x0000000a   Code   RO          885    i.ADC_GetDAT0Data   mg32x02z_adc_drv.o
    0x000002fe   0x000002fe   0x00000012   Code   RO          888    i.ADC_GetSingleFlagStatus  mg32x02z_adc_drv.o
    0x00000310   0x00000310   0x0000003c   Code   RO          322    i.ADC_Init          mg32x02z_adc_init.o
    0x0000034c   0x0000034c   0x00000006   Code   RO          899    i.ADC_InternalChannel_Select  mg32x02z_adc_drv.o
    0x00000352   0x00000352   0x00000014   Code   RO          900    i.ADC_MainConversionMode_Select  mg32x02z_adc_drv.o
    0x00000366   0x00000366   0x0000000a   Code   RO          912    i.ADC_SetOutputCodeFormat  mg32x02z_adc_drv.o
    0x00000370   0x00000370   0x0000000a   Code   RO          925    i.ADC_SingleDifferentMode_Select  mg32x02z_adc_drv.o
    0x0000037a   0x0000037a   0x00000014   Code   RO          926    i.ADC_SoftwareConversion_Cmd  mg32x02z_adc_drv.o
    0x0000038e   0x0000038e   0x00000002   PAD
    0x00000390   0x00000390   0x00000168   Code   RO          927    i.ADC_StartCalibration  mg32x02z_adc_drv.o
    0x000004f8   0x000004f8   0x00000014   Code   RO          934    i.ADC_TriggerSource_Select  mg32x02z_adc_drv.o
    0x0000050c   0x0000050c   0x00000002   Code   RO          354    i.APB_Init          mg32x02z_apb_init.o
    0x0000050e   0x0000050e   0x00000002   Code   RO          377    i.APX_CCL_Init      mg32x02z_ccl_init.o
    0x00000510   0x00000510   0x00000002   Code   RO          400    i.CMP_ACx_Init      mg32x02z_cmp_init.o
    0x00000512   0x00000512   0x00000002   PAD
    0x00000514   0x00000514   0x00000024   Code   RO          423    i.CSC_EXTCK_Enable  mg32x02z_csc_init.o
    0x00000538   0x00000538   0x00000064   Code   RO          424    i.CSC_IHRCO_Enable  mg32x02z_csc_init.o
    0x0000059c   0x0000059c   0x000003ec   Code   RO          425    i.CSC_Init          mg32x02z_csc_init.o
    0x00000988   0x00000988   0x000000a8   Code   RO         2005    i.CSC_PeriphONModeClock_Config  mg32x02z_csc_drv.o
    0x00000a30   0x00000a30   0x0000009c   Code   RO         2006    i.CSC_PeriphProcessClockSource_Config  mg32x02z_csc_drv.o
    0x00000acc   0x00000acc   0x00000098   Code   RO          426    i.CSC_XOSC_Enable   mg32x02z_csc_init.o
    0x00000b64   0x00000b64   0x00000074   Code   RO          467    i.ChipInit          mg32x02z_chipinit.o
    0x00000bd8   0x00000bd8   0x00000002   Code   RO          536    i.DAC_Init          mg32x02z_dac_init.o
    0x00000bda   0x00000bda   0x00000020   Code   RO         6580    i.Delay             mg32x02z__common_drv.o
    0x00000bfa   0x00000bfa   0x00000002   PAD
    0x00000bfc   0x00000bfc   0x00000044   Code   RO          556    i.EMB_Initial       mg32x02z_emb_init.o
    0x00000c40   0x00000c40   0x00000004   Code   RO         2685    i.EXIC_ClearPxTriggerEventFlag  mg32x02z_exic_drv.o
    0x00000c44   0x00000c44   0x00000012   Code   RO         2686    i.EXIC_ClearPxTriggerITFlag  mg32x02z_exic_drv.o
    0x00000c56   0x00000c56   0x0000000a   Code   RO          576    i.EXIC_Init         mg32x02z_exic_init.o
    0x00000c60   0x00000c60   0x00000004   Code   RO         2696    i.EXIC_PxTriggerAndMask_Select  mg32x02z_exic_drv.o
    0x00000c64   0x00000c64   0x00000024   Code   RO         2698    i.EXIC_PxTriggerITEA_Cmd  mg32x02z_exic_drv.o
    0x00000c88   0x00000c88   0x00000040   Code   RO         2699    i.EXIC_PxTriggerMode_Select  mg32x02z_exic_drv.o
    0x00000cc8   0x00000cc8   0x00000004   Code   RO         2700    i.EXIC_PxTriggerOrMask_Select  mg32x02z_exic_drv.o
    0x00000ccc   0x00000ccc   0x00000028   Code   RO            3    i.EXINT0_IRQHandler  sample_main_wizard.o
    0x00000cf4   0x00000cf4   0x00000028   Code   RO          598    i.GPIO_Init         mg32x02z_gpio_init.o
    0x00000d1c   0x00000d1c   0x00000026   Code   RO         2806    i.GPIO_PinMode_Config  mg32x02z_gpio_drv.o
    0x00000d42   0x00000d42   0x0000001e   Code   RO          620    i.GPL_Init          mg32x02z_gpl_init.o
    0x00000d60   0x00000d60   0x0000000c   Code   RO         6581    i.GetTick           mg32x02z__common_drv.o
    0x00000d6c   0x00000d6c   0x00000180   Code   RO          820    i.HardFault_Handler_C  system_mg32x02z.o
    0x00000eec   0x00000eec   0x00000010   Code   RO         6582    i.IncTick           mg32x02z__common_drv.o
    0x00000efc   0x00000efc   0x0000004c   Code   RO         6583    i.InitTick          mg32x02z__common_drv.o
    0x00000f48   0x00000f48   0x00000048   Code   RO          640    i.MEM_Init          mg32x02z_mem_init.o
    0x00000f90   0x00000f90   0x00000002   Code   RO          772    i.NMI_Handler       mg32x02z__irqhandler.o
    0x00000f92   0x00000f92   0x00000002   PAD
    0x00000f94   0x00000f94   0x00000040   Code   RO          660    i.PW_Init           mg32x02z_pw_init.o
    0x00000fd4   0x00000fd4   0x00000002   Code   RO          773    i.PendSV_Handler    mg32x02z__irqhandler.o
    0x00000fd6   0x00000fd6   0x00000014   Code   RO         6585    i.ProtectModuleReg  mg32x02z__common_drv.o
    0x00000fea   0x00000fea   0x00000002   PAD
    0x00000fec   0x00000fec   0x00000048   Code   RO          682    i.RST_Init          mg32x02z_rst_init.o
    0x00001034   0x00001034   0x000000ec   Code   RO          704    i.RTC_Init          mg32x02z_rtc_init.o
    0x00001120   0x00001120   0x00000002   Code   RO          774    i.SVC_Handler       mg32x02z__irqhandler.o
    0x00001122   0x00001122   0x00000008   Code   RO          775    i.SysTick_Handler   mg32x02z__irqhandler.o
    0x0000112a   0x0000112a   0x00000002   PAD
    0x0000112c   0x0000112c   0x00000010   Code   RO          822    i.SystemInit        system_mg32x02z.o
    0x0000113c   0x0000113c   0x00000002   Code   RO          724    i.TM_Init           mg32x02z_tm_init.o
    0x0000113e   0x0000113e   0x00000002   PAD
    0x00001140   0x00001140   0x00000098   Code   RO            6    i.URT0_IRQHandler   sample_main_wizard.o
    0x000011d8   0x000011d8   0x00000010   Code   RO         5352    i.URT_BaudRateGenerator_Cmd  mg32x02z_urt_drv.o
    0x000011e8   0x000011e8   0x0000002c   Code   RO         5353    i.URT_BaudRateGenerator_Config  mg32x02z_urt_drv.o
    0x00001214   0x00001214   0x0000000a   Code   RO         5366    i.URT_ClearITFlag   mg32x02z_urt_drv.o
    0x0000121e   0x0000121e   0x0000000a   Code   RO         5367    i.URT_ClearRXData   mg32x02z_urt_drv.o
    0x00001228   0x00001228   0x0000000a   Code   RO         5369    i.URT_ClearTXData   mg32x02z_urt_drv.o
    0x00001232   0x00001232   0x0000000c   Code   RO         5370    i.URT_Cmd           mg32x02z_urt_drv.o
    0x0000123e   0x0000123e   0x00000040   Code   RO         5379    i.URT_DataCharacter_Config  mg32x02z_urt_drv.o
    0x0000127e   0x0000127e   0x0000000c   Code   RO         5380    i.URT_DataLine_Select  mg32x02z_urt_drv.o
    0x0000128a   0x0000128a   0x00000002   PAD
    0x0000128c   0x0000128c   0x00000020   Code   RO         5393    i.URT_GetITSingleFlagStatus  mg32x02z_urt_drv.o
    0x000012ac   0x000012ac   0x0000000c   Code   RO         5412    i.URT_ITEA_Cmd      mg32x02z_urt_drv.o
    0x000012b8   0x000012b8   0x00000010   Code   RO         5413    i.URT_IT_Config     mg32x02z_urt_drv.o
    0x000012c8   0x000012c8   0x0000000e   Code   RO         5416    i.URT_IdlehandleMode_Select  mg32x02z_urt_drv.o
    0x000012d6   0x000012d6   0x00000004   Code   RO          745    i.URT_Init          mg32x02z_urt_init.o
    0x000012da   0x000012da   0x00000026   Code   RO         5420    i.URT_Mode_Select   mg32x02z_urt_drv.o
    0x00001300   0x00001300   0x0000000e   Code   RO         5428    i.URT_RXClockSource_Select  mg32x02z_urt_drv.o
    0x0000130e   0x0000130e   0x0000000c   Code   RO         5431    i.URT_RXOverSamplingMode_Select  mg32x02z_urt_drv.o
    0x0000131a   0x0000131a   0x00000010   Code   RO         5432    i.URT_RXOverSamplingSampleNumber_Select  mg32x02z_urt_drv.o
    0x0000132a   0x0000132a   0x0000000e   Code   RO         5434    i.URT_RXShadowBufferThreshold_Select  mg32x02z_urt_drv.o
    0x00001338   0x00001338   0x0000000e   Code   RO         5436    i.URT_RX_Cmd        mg32x02z_urt_drv.o
    0x00001346   0x00001346   0x00000032   Code   RO         5445    i.URT_SetTXData     mg32x02z_urt_drv.o
    0x00001378   0x00001378   0x0000000e   Code   RO         5448    i.URT_TXClockSource_Select  mg32x02z_urt_drv.o
    0x00001386   0x00001386   0x00000004   Code   RO         5452    i.URT_TXGuardTime_Select  mg32x02z_urt_drv.o
    0x0000138a   0x0000138a   0x00000010   Code   RO         5455    i.URT_TXOverSamplingSampleNumber_Select  mg32x02z_urt_drv.o
    0x0000139a   0x0000139a   0x0000000e   Code   RO         5456    i.URT_TX_Cmd        mg32x02z_urt_drv.o
    0x000013a8   0x000013a8   0x00000018   Code   RO         6588    i.UnProtectModuleReg  mg32x02z__common_drv.o
    0x000013c0   0x000013c0   0x00000020   Code   RO         6802    i.__0printf$5       mc_p.l(printf5.o)
    0x000013e0   0x000013e0   0x0000001c   Code   RO         1328    i.__ARM_common_switch8  mg32x02z_adc_drv.o
    0x000013fc   0x000013fc   0x00000020   Code   RO            9    i.__NVIC_EnableIRQ  sample_main_wizard.o
    0x0000141c   0x0000141c   0x00000078   Code   RO          468    i.__NVIC_SetPriority  mg32x02z_chipinit.o
    0x00001494   0x00001494   0x00000078   Code   RO         6589    i.__NVIC_SetPriority  mg32x02z__common_drv.o
    0x0000150c   0x0000150c   0x0000000e   Code   RO         6982    i.__scatterload_copy  mc_p.l(handlers.o)
    0x0000151a   0x0000151a   0x00000002   Code   RO         6983    i.__scatterload_null  mc_p.l(handlers.o)
    0x0000151c   0x0000151c   0x0000000e   Code   RO         6984    i.__scatterload_zeroinit  mc_p.l(handlers.o)
    0x0000152a   0x0000152a   0x00000002   PAD
    0x0000152c   0x0000152c   0x000002d4   Code   RO         6809    i._printf_core      mc_p.l(printf5.o)
    0x00001800   0x00001800   0x00000030   Code   RO           11    i.fputc             sample_main_wizard.o
    0x00001830   0x00001830   0x00000294   Code   RO           12    i.main              sample_main_wizard.o
    0x00001ac4   0x00001ac4   0x00000050   Data   RO          427    .constdata          mg32x02z_csc_init.o
    0x00001b14   0x00001b14   0x00000094   Data   RO          469    .constdata          mg32x02z_chipinit.o
    0x00001ba8   0x00001ba8   0x00000004   Data   RO          599    .constdata          mg32x02z_gpio_init.o
    0x00001bac   0x00001bac   0x0000001c   Data   RO          661    .constdata          mg32x02z_pw_init.o
    0x00001bc8   0x00001bc8   0x00000024   Data   RO          683    .constdata          mg32x02z_rst_init.o
    0x00001bec   0x00001bec   0x00000020   Data   RO         6980    Region$$Table       anon$$obj.o


    Execution Region RW_IRAM1 (Exec base: 0x20000000, Load base: 0x00001c0c, Size: 0x00000dd0, Max: 0x00003800, ABSOLUTE)

    Exec Addr    Load Addr    Size         Type   Attr      Idx    E Section Name        Object

    0x20000000   0x00001c0c   0x0000000d   Data   RW           15    .data               sample_main_wizard.o
    0x2000000d   0x00001c19   0x00000003   PAD
    0x20000010   0x00001c1c   0x00000024   Data   RW          824    .data               system_mg32x02z.o
    0x20000034   0x00001c40   0x00000004   Data   RW         6590    .data               mg32x02z__common_drv.o
    0x20000038   0x00001c44   0x00000004   Data   RW         6960    .data               mc_p.l(stdout.o)
    0x2000003c        -       0x00000990   Zero   RW           13    .bss                sample_main_wizard.o
    0x200009cc   0x00001c48   0x00000004   PAD
    0x200009d0        -       0x00000400   Zero   RW          811    STACK               startup_mg32x02z.o


==============================================================================

Image component sizes


      Code (inc. data)   RO Data    RW Data    ZI Data      Debug   Object Name

       300         34          0          4          0      13075   mg32x02z__common_drv.o
        14          0          0          0          0       2135   mg32x02z__irqhandler.o
       664         12          0          0          0       9950   mg32x02z_adc_drv.o
        60          0          0          0          0        603   mg32x02z_adc_init.o
         2          0          0          0          0        507   mg32x02z_apb_init.o
         2          0          0          0          0        515   mg32x02z_ccl_init.o
       236         20        148          0          0      24207   mg32x02z_chipinit.o
         2          0          0          0          0        515   mg32x02z_cmp_init.o
       324         10          0          0          0       1617   mg32x02z_csc_drv.o
      1292         54         80          0          0      11305   mg32x02z_csc_init.o
         2          0          0          0          0        507   mg32x02z_dac_init.o
        68          8          0          0          0        554   mg32x02z_emb_init.o
       130          4          0          0          0       4645   mg32x02z_exic_drv.o
        10          0          0          0          0        524   mg32x02z_exic_init.o
        38          0          0          0          0       1174   mg32x02z_gpio_drv.o
        40          6          4          0          0        864   mg32x02z_gpio_init.o
        30          0          0          0          0        527   mg32x02z_gpl_init.o
        72          8          0          0          0        535   mg32x02z_mem_init.o
        64         12         28          0          0        814   mg32x02z_pw_init.o
        72         10         36          0          0        827   mg32x02z_rst_init.o
       236         18          0          0          0        599   mg32x02z_rtc_init.o
         2          0          0          0          0        506   mg32x02z_tm_init.o
       458          8          0          0          0      15655   mg32x02z_urt_drv.o
         4          0          0          0          0        555   mg32x02z_urt_init.o
       932         70          0         13       2448     298369   sample_main_wizard.o
        60         12        192          0       1024        744   startup_mg32x02z.o
       400        242          0         36          0       8921   system_mg32x02z.o

    ----------------------------------------------------------------------
      5530        528        520         56       3476     400749   Object Totals
         0          0         32          0          0          0   (incl. Generated)
        16          0          0          3          4          0   (incl. Padding)

    ----------------------------------------------------------------------

      Code (inc. data)   RO Data    RW Data    ZI Data      Debug   Library Member Name

         0          0          0          0          0          0   entry.o
         0          0          0          0          0          0   entry10a.o
         0          0          0          0          0          0   entry11a.o
         4          0          0          0          0          0   entry12b.o
         8          4          0          0          0          0   entry2.o
         4          0          0          0          0          0   entry5.o
         0          0          0          0          0          0   entry7b.o
         0          0          0          0          0          0   entry8b.o
         8          4          0          0          0          0   entry9a.o
        30          0          0          0          0          0   handlers.o
        36          8          0          0          0         68   init.o
        32          0          0          0          0         68   llshl.o
        34          0          0          0          0         68   llushr.o
        36          0          0          0          0        100   memseta.o
       756         52          0          0          0        168   printf5.o
         0          0          0          4          0          0   stdout.o
        44          0          0          0          0         72   uidiv.o
        96          0          0          0          0         84   uldiv.o
        20          0          0          0          0         60   uread4.o
        18          0          0          0          0         60   uwrite4.o

    ----------------------------------------------------------------------
      1130         68          0          4          0        748   Library Totals
         4          0          0          0          0          0   (incl. Padding)

    ----------------------------------------------------------------------

      Code (inc. data)   RO Data    RW Data    ZI Data      Debug   Library Name

      1126         68          0          4          0        748   mc_p.l

    ----------------------------------------------------------------------
      1130         68          0          4          0        748   Library Totals

    ----------------------------------------------------------------------

==============================================================================


      Code (inc. data)   RO Data    RW Data    ZI Data      Debug   

      6660        596        520         60       3476     397733   Grand Totals
      6660        596        520         60       3476     397733   ELF Image Totals
      6660        596        520         60          0          0   ROM Totals

==============================================================================

    Total RO  Size (Code + RO Data)                 7180 (   7.01kB)
    Total RW  Size (RW Data + ZI Data)              3536 (   3.45kB)
    Total ROM Size (Code + RO Data + RW Data)       7240 (   7.07kB)

==============================================================================

